main.c:296:6:MPU6050_Init	32	static
main.c:329:6:MPU6050_Read_Accel	48	static
main.c:356:6:MPU6050_Read_Gyro	32	static
main.c:379:13:Parameter_Receive_PC	4	static
main.c:497:13:Parameter_Transmit_PC	8	static
main.c:508:13:All_Parameters_Send_Tekseferde	4	static
main.c:722:13:Error_Flag_Function	8	static
main.c:753:13:Button_Kontrol_Function	8	static
main.c:790:5:main	8	static
main.c:876:6:SystemClock_Config	88	static
main.c:924:13:MX_I2C1_Init	8	static
main.c:958:13:MX_RTC_Init	16	static
main.c:1015:13:MX_TIM2_Init	32	static
main.c:1060:13:MX_GPIO_Init	40	static
main.c:1101:6:Error_Handler	4	static,ignoring_inline_asm
