Archive member included to satisfy reference by file (symbol)

c:/st/stm32cubeide_1.5.1/stm32cubeide/plugins/com.st.stm32cube.ide.mcu.externaltools.gnu-tools-for-stm32.9-2020-q2-update.win32_1.5.0.202011040924/tools/bin/../lib/gcc/arm-none-eabi/9.3.1/../../../../arm-none-eabi/lib/thumb/v7-m/nofp\libc_nano.a(lib_a-errno.o)
                              Core/Src/syscalls.o (__errno)
c:/st/stm32cubeide_1.5.1/stm32cubeide/plugins/com.st.stm32cube.ide.mcu.externaltools.gnu-tools-for-stm32.9-2020-q2-update.win32_1.5.0.202011040924/tools/bin/../lib/gcc/arm-none-eabi/9.3.1/../../../../arm-none-eabi/lib/thumb/v7-m/nofp\libc_nano.a(lib_a-exit.o)
                              c:/st/stm32cubeide_1.5.1/stm32cubeide/plugins/com.st.stm32cube.ide.mcu.externaltools.gnu-tools-for-stm32.9-2020-q2-update.win32_1.5.0.202011040924/tools/bin/../lib/gcc/arm-none-eabi/9.3.1/../../../../arm-none-eabi/lib/thumb/v7-m/nofp/crt0.o (exit)
c:/st/stm32cubeide_1.5.1/stm32cubeide/plugins/com.st.stm32cube.ide.mcu.externaltools.gnu-tools-for-stm32.9-2020-q2-update.win32_1.5.0.202011040924/tools/bin/../lib/gcc/arm-none-eabi/9.3.1/../../../../arm-none-eabi/lib/thumb/v7-m/nofp\libc_nano.a(lib_a-impure.o)
                              c:/st/stm32cubeide_1.5.1/stm32cubeide/plugins/com.st.stm32cube.ide.mcu.externaltools.gnu-tools-for-stm32.9-2020-q2-update.win32_1.5.0.202011040924/tools/bin/../lib/gcc/arm-none-eabi/9.3.1/../../../../arm-none-eabi/lib/thumb/v7-m/nofp\libc_nano.a(lib_a-exit.o) (_global_impure_ptr)
c:/st/stm32cubeide_1.5.1/stm32cubeide/plugins/com.st.stm32cube.ide.mcu.externaltools.gnu-tools-for-stm32.9-2020-q2-update.win32_1.5.0.202011040924/tools/bin/../lib/gcc/arm-none-eabi/9.3.1/../../../../arm-none-eabi/lib/thumb/v7-m/nofp\libc_nano.a(lib_a-init.o)
                              c:/st/stm32cubeide_1.5.1/stm32cubeide/plugins/com.st.stm32cube.ide.mcu.externaltools.gnu-tools-for-stm32.9-2020-q2-update.win32_1.5.0.202011040924/tools/bin/../lib/gcc/arm-none-eabi/9.3.1/../../../../arm-none-eabi/lib/thumb/v7-m/nofp/crt0.o (__libc_init_array)
c:/st/stm32cubeide_1.5.1/stm32cubeide/plugins/com.st.stm32cube.ide.mcu.externaltools.gnu-tools-for-stm32.9-2020-q2-update.win32_1.5.0.202011040924/tools/bin/../lib/gcc/arm-none-eabi/9.3.1/../../../../arm-none-eabi/lib/thumb/v7-m/nofp\libc_nano.a(lib_a-memcpy-stub.o)
                              USB_DEVICE/App/usbd_cdc_if.o (memcpy)
c:/st/stm32cubeide_1.5.1/stm32cubeide/plugins/com.st.stm32cube.ide.mcu.externaltools.gnu-tools-for-stm32.9-2020-q2-update.win32_1.5.0.202011040924/tools/bin/../lib/gcc/arm-none-eabi/9.3.1/../../../../arm-none-eabi/lib/thumb/v7-m/nofp\libc_nano.a(lib_a-memset.o)
                              c:/st/stm32cubeide_1.5.1/stm32cubeide/plugins/com.st.stm32cube.ide.mcu.externaltools.gnu-tools-for-stm32.9-2020-q2-update.win32_1.5.0.202011040924/tools/bin/../lib/gcc/arm-none-eabi/9.3.1/../../../../arm-none-eabi/lib/thumb/v7-m/nofp/crt0.o (memset)
c:/st/stm32cubeide_1.5.1/stm32cubeide/plugins/com.st.stm32cube.ide.mcu.externaltools.gnu-tools-for-stm32.9-2020-q2-update.win32_1.5.0.202011040924/tools/bin/../lib/gcc/arm-none-eabi/9.3.1/../../../../arm-none-eabi/lib/thumb/v7-m/nofp\libm.a(lib_a-s_atan.o)
                              Core/Src/main.o (atan)
c:/st/stm32cubeide_1.5.1/stm32cubeide/plugins/com.st.stm32cube.ide.mcu.externaltools.gnu-tools-for-stm32.9-2020-q2-update.win32_1.5.0.202011040924/tools/bin/../lib/gcc/arm-none-eabi/9.3.1/../../../../arm-none-eabi/lib/thumb/v7-m/nofp\libm.a(lib_a-s_fabs.o)
                              c:/st/stm32cubeide_1.5.1/stm32cubeide/plugins/com.st.stm32cube.ide.mcu.externaltools.gnu-tools-for-stm32.9-2020-q2-update.win32_1.5.0.202011040924/tools/bin/../lib/gcc/arm-none-eabi/9.3.1/../../../../arm-none-eabi/lib/thumb/v7-m/nofp\libm.a(lib_a-s_atan.o) (fabs)
c:/st/stm32cubeide_1.5.1/stm32cubeide/plugins/com.st.stm32cube.ide.mcu.externaltools.gnu-tools-for-stm32.9-2020-q2-update.win32_1.5.0.202011040924/tools/bin/../lib/gcc/arm-none-eabi/9.3.1/../../../../arm-none-eabi/lib/thumb/v7-m/nofp\libm.a(lib_a-w_pow.o)
                              Core/Src/main.o (pow)
c:/st/stm32cubeide_1.5.1/stm32cubeide/plugins/com.st.stm32cube.ide.mcu.externaltools.gnu-tools-for-stm32.9-2020-q2-update.win32_1.5.0.202011040924/tools/bin/../lib/gcc/arm-none-eabi/9.3.1/../../../../arm-none-eabi/lib/thumb/v7-m/nofp\libm.a(lib_a-w_sqrt.o)
                              Core/Src/main.o (sqrt)
c:/st/stm32cubeide_1.5.1/stm32cubeide/plugins/com.st.stm32cube.ide.mcu.externaltools.gnu-tools-for-stm32.9-2020-q2-update.win32_1.5.0.202011040924/tools/bin/../lib/gcc/arm-none-eabi/9.3.1/../../../../arm-none-eabi/lib/thumb/v7-m/nofp\libm.a(lib_a-e_pow.o)
                              c:/st/stm32cubeide_1.5.1/stm32cubeide/plugins/com.st.stm32cube.ide.mcu.externaltools.gnu-tools-for-stm32.9-2020-q2-update.win32_1.5.0.202011040924/tools/bin/../lib/gcc/arm-none-eabi/9.3.1/../../../../arm-none-eabi/lib/thumb/v7-m/nofp\libm.a(lib_a-w_pow.o) (__ieee754_pow)
[...]
Memory Configuration

Name             Origin             Length             Attributes
RAM              0x0000000020000000 0x0000000000005000 xrw
FLASH            0x0000000008000000 0x0000000000010000 xr
*default*        0x0000000000000000 0xffffffffffffffff

Linker script and memory map

LOAD c:/st/stm32cubeide_1.5.1/stm32cubeide/plugins/com.st.stm32cube.ide.mcu.externaltools.gnu-tools-for-stm32.9-2020-q2-update.win32_1.5.0.202011040924/tools/bin/../lib/gcc/arm-none-eabi/9.3.1/thumb/v7-m/nofp/crti.o
LOAD c:/st/stm32cubeide_1.5.1/stm32cubeide/plugins/com.st.stm32cube.ide.mcu.externaltools.gnu-tools-for-stm32.9-2020-q2-update.win32_1.5.0.202011040924/tools/bin/../lib/gcc/arm-none-eabi/9.3.1/thumb/v7-m/nofp/crtbegin.o
LOAD c:/st/stm32cubeide_1.5.1/stm32cubeide/plugins/com.st.stm32cube.ide.mcu.externaltools.gnu-tools-for-stm32.9-2020-q2-update.win32_1.5.0.202011040924/tools/bin/../lib/gcc/arm-none-eabi/9.3.1/../../../../arm-none-eabi/lib/thumb/v7-m/nofp/crt0.o
LOAD Core/Src/AESK_Data_Pack_lib.o
LOAD Core/Src/main.o
LOAD Core/Src/stm32f1xx_hal_msp.o
LOAD Core/Src/stm32f1xx_it.o
LOAD Core/Src/syscalls.o
LOAD Core/Src/sysmem.o
LOAD Core/Src/system_stm32f1xx.o
LOAD Core/Startup/startup_stm32f103c8tx.o
LOAD Drivers/STM32F1xx_HAL_Driver/Src/stm32f1xx_hal.o
LOAD Drivers/STM32F1xx_HAL_Driver/Src/stm32f1xx_hal_cortex.o
LOAD Drivers/STM32F1xx_HAL_Driver/Src/stm32f1xx_hal_dma.o
LOAD Drivers/STM32F1xx_HAL_Driver/Src/stm32f1xx_hal_exti.o
LOAD Drivers/STM32F1xx_HAL_Driver/Src/stm32f1xx_hal_flash.o
LOAD Drivers/STM32F1xx_HAL_Driver/Src/stm32f1xx_hal_flash_ex.o
LOAD Drivers/STM32F1xx_HAL_Driver/Src/stm32f1xx_hal_gpio.o
LOAD Drivers/STM32F1xx_HAL_Driver/Src/stm32f1xx_hal_gpio_ex.o
LOAD Drivers/STM32F1xx_HAL_Driver/Src/stm32f1xx_hal_i2c.o
LOAD Drivers/STM32F1xx_HAL_Driver/Src/stm32f1xx_hal_pcd.o
LOAD Drivers/STM32F1xx_HAL_Driver/Src/stm32f1xx_hal_pcd_ex.o
LOAD Drivers/STM32F1xx_HAL_Driver/Src/stm32f1xx_hal_pwr.o
LOAD Drivers/STM32F1xx_HAL_Driver/Src/stm32f1xx_hal_rcc.o
LOAD Drivers/STM32F1xx_HAL_Driver/Src/stm32f1xx_hal_rcc_ex.o
LOAD Drivers/STM32F1xx_HAL_Driver/Src/stm32f1xx_hal_rtc.o
LOAD Drivers/STM32F1xx_HAL_Driver/Src/stm32f1xx_hal_rtc_ex.o
LOAD Drivers/STM32F1xx_HAL_Driver/Src/stm32f1xx_hal_tim.o
LOAD Drivers/STM32F1xx_HAL_Driver/Src/stm32f1xx_hal_tim_ex.o
LOAD Drivers/STM32F1xx_HAL_Driver/Src/stm32f1xx_ll_usb.o
LOAD Middlewares/ST/STM32_USB_Device_Library/Class/CDC/Src/usbd_cdc.o
LOAD Middlewares/ST/STM32_USB_Device_Library/Core/Src/usbd_core.o
LOAD Middlewares/ST/STM32_USB_Device_Library/Core/Src/usbd_ctlreq.o
LOAD Middlewares/ST/STM32_USB_Device_Library/Core/Src/usbd_ioreq.o
LOAD USB_DEVICE/App/usb_device.o
LOAD USB_DEVICE/App/usbd_cdc_if.o
LOAD USB_DEVICE/App/usbd_desc.o
LOAD USB_DEVICE/Target/usbd_conf.o
START GROUP
LOAD c:/st/stm32cubeide_1.5.1/stm32cubeide/plugins/com.st.stm32cube.ide.mcu.externaltools.gnu-tools-for-stm32.9-2020-q2-update.win32_1.5.0.202011040924/tools/bin/../lib/gcc/arm-none-eabi/9.3.1/../../../../arm-none-eabi/lib/thumb/v7-m/nofp\libc_nano.a
LOAD c:/st/stm32cubeide_1.5.1/stm32cubeide/plugins/com.st.stm32cube.ide.mcu.externaltools.gnu-tools-for-stm32.9-2020-q2-update.win32_1.5.0.202011040924/tools/bin/../lib/gcc/arm-none-eabi/9.3.1/../../../../arm-none-eabi/lib/thumb/v7-m/nofp\libm.a
END GROUP
START GROUP
LOAD c:/st/stm32cubeide_1.5.1/stm32cubeide/plugins/com.st.stm32cube.ide.mcu.externaltools.gnu-tools-for-stm32.9-2020-q2-update.win32_1.5.0.202011040924/tools/bin/../lib/gcc/arm-none-eabi/9.3.1/thumb/v7-m/nofp\libgcc.a
LOAD c:/st/stm32cubeide_1.5.1/stm32cubeide/plugins/com.st.stm32cube.ide.mcu.externaltools.gnu-tools-for-stm32.9-2020-q2-update.win32_1.5.0.202011040924/tools/bin/../lib/gcc/arm-none-eabi/9.3.1/../../../../arm-none-eabi/lib/thumb/v7-m/nofp\libc_nano.a
END GROUP
START GROUP
LOAD c:/st/stm32cubeide_1.5.1/stm32cubeide/plugins/com.st.stm32cube.ide.mcu.externaltools.gnu-tools-for-stm32.9-2020-q2-update.win32_1.5.0.202011040924/tools/bin/../lib/gcc/arm-none-eabi/9.3.1/thumb/v7-m/nofp\libgcc.a
LOAD c:/st/stm32cubeide_1.5.1/stm32cubeide/plugins/com.st.stm32cube.ide.mcu.externaltools.gnu-tools-for-stm32.9-2020-q2-update.win32_1.5.0.202011040924/tools/bin/../lib/gcc/arm-none-eabi/9.3.1/../../../../arm-none-eabi/lib/thumb/v7-m/nofp\libc_nano.a
LOAD c:/st/stm32cubeide_1.5.1/stm32cubeide/plugins/com.st.stm32cube.ide.mcu.externaltools.gnu-tools-for-stm32.9-2020-q2-update.win32_1.5.0.202011040924/tools/bin/../lib/gcc/arm-none-eabi/9.3.1/../../../../arm-none-eabi/lib/thumb/v7-m/nofp\libnosys.a
END GROUP
START GROUP
LOAD c:/st/stm32cubeide_1.5.1/stm32cubeide/plugins/com.st.stm32cube.ide.mcu.externaltools.gnu-tools-for-stm32.9-2020-q2-update.win32_1.5.0.202011040924/tools/bin/../lib/gcc/arm-none-eabi/9.3.1/thumb/v7-m/nofp\libgcc.a
LOAD c:/st/stm32cubeide_1.5.1/stm32cubeide/plugins/com.st.stm32cube.ide.mcu.externaltools.gnu-tools-for-stm32.9-2020-q2-update.win32_1.5.0.202011040924/tools/bin/../lib/gcc/arm-none-eabi/9.3.1/../../../../arm-none-eabi/lib/thumb/v7-m/nofp\libc_nano.a
LOAD c:/st/stm32cubeide_1.5.1/stm32cubeide/plugins/com.st.stm32cube.ide.mcu.externaltools.gnu-tools-for-stm32.9-2020-q2-update.win32_1.5.0.202011040924/tools/bin/../lib/gcc/arm-none-eabi/9.3.1/../../../../arm-none-eabi/lib/thumb/v7-m/nofp\libnosys.a
END GROUP
LOAD c:/st/stm32cubeide_1.5.1/stm32cubeide/plugins/com.st.stm32cube.ide.mcu.externaltools.gnu-tools-for-stm32.9-2020-q2-update.win32_1.5.0.202011040924/tools/bin/../lib/gcc/arm-none-eabi/9.3.1/thumb/v7-m/nofp/crtend.o
LOAD c:/st/stm32cubeide_1.5.1/stm32cubeide/plugins/com.st.stm32cube.ide.mcu.externaltools.gnu-tools-for-stm32.9-2020-q2-update.win32_1.5.0.202011040924/tools/bin/../lib/gcc/arm-none-eabi/9.3.1/thumb/v7-m/nofp/crtn.o
                0x0000000020005000                _estack = (ORIGIN (RAM) + LENGTH (RAM))
                0x0000000000000200                _Min_Heap_Size = 0x200
                0x0000000000000400                _Min_Stack_Size = 0x400

.isr_vector     0x0000000008000000      0x10c
                0x0000000008000000                . = ALIGN (0x4)
 *(.isr_vector)
 .isr_vector    0x0000000008000000      0x10c Core/Startup/startup_stm32f103c8tx.o
                0x0000000008000000                g_pfnVectors
                0x000000000800010c                . = ALIGN (0x4)

.text           0x0000000008000110     0xbd84
                0x0000000008000110                . = ALIGN (0x4)
 *(.text)
 .text          0x0000000008000110       0x40 c:/st/stm32cubeide_1.5.1/stm32cubeide/plugins/com.st.stm32cube.ide.mcu.externaltools.gnu-tools-for-stm32.9-2020-q2-update.win32_1.5.0.202011040924/tools/bin/../lib/gcc/arm-none-eabi/9.3.1/thumb/v7-m/nofp/crtbegin.o
 .text          0x0000000008000150      0x378 c:/st/stm32cubeide_1.5.1/stm32cubeide/plugins/com.st.stm32cube.ide.mcu.externaltools.gnu-tools-for-stm32.9-2020-q2-update.win32_1.5.0.202011040924/tools/bin/../lib/gcc/arm-none-eabi/9.3.1/thumb/v7-m/nofp\libgcc.a(_arm_addsubdf3.o)
                0x0000000008000150                __aeabi_drsub
                0x0000000008000158                __aeabi_dsub
                0x0000000008000158                __subdf3
                0x000000000800015c                __aeabi_dadd
                0x000000000800015c                __adddf3
                0x00000000080003d4                __floatunsidf
                0x00000000080003d4                __aeabi_ui2d
                0x00000000080003f4                __floatsidf
                0x00000000080003f4                __aeabi_i2d
                0x0000000008000418                __aeabi_f2d
                0x0000000008000418                __extendsfdf2
                0x000000000800045c                __floatundidf
                0x000000000800045c                __aeabi_ul2d
                0x000000000800046c                __floatdidf
                0x000000000800046c                __aeabi_l2d
 .text          0x00000000080004c8      0x424 c:/st/stm32cubeide_1.5.1/stm32cubeide/plugins/com.st.stm32cube.ide.mcu.externaltools.gnu-tools-for-stm32.9-2020-q2-update.win32_1.5.0.202011040924/tools/bin/../lib/gcc/arm-none-eabi/9.3.1/thumb/v7-m/nofp\libgcc.a(_arm_muldivdf3.o)
                0x00000000080004c8                __aeabi_dmul
                0x00000000080004c8                __muldf3
                0x000000000800071c                __divdf3
                0x000000000800071c                __aeabi_ddiv
 .text          0x00000000080008ec      0x110 c:/st/stm32cubeide_1.5.1/stm32cubeide/plugins/com.st.stm32cube.ide.mcu.externaltools.gnu-tools-for-stm32.9-2020-q2-update.win32_1.5.0.202011040924/tools/bin/../lib/gcc/arm-none-eabi/9.3.1/thumb/v7-m/nofp\libgcc.a(_arm_cmpdf2.o)
                0x00000000080008ec                __gtdf2
                0x00000000080008ec                __gedf2
                0x00000000080008f4                __ltdf2
                0x00000000080008f4                __ledf2
                0x00000000080008fc                __nedf2
                0x00000000080008fc                __eqdf2
                0x00000000080008fc                __cmpdf2
                0x0000000008000978                __aeabi_cdrcmple
                0x0000000008000988                __aeabi_cdcmpeq
                0x0000000008000988                __aeabi_cdcmple
                0x0000000008000998                __aeabi_dcmpeq
                0x00000000080009ac                __aeabi_dcmplt
                0x00000000080009c0                __aeabi_dcmple
                0x00000000080009d4                __aeabi_dcmpge
                0x00000000080009e8                __aeabi_dcmpgt
 .text          0x00000000080009fc       0x2c c:/st/stm32cubeide_1.5.1/stm32cubeide/plugins/com.st.stm32cube.ide.mcu.externaltools.gnu-tools-for-stm32.9-2020-q2-update.win32_1.5.0.202011040924/tools/bin/../lib/gcc/arm-none-eabi/9.3.1/thumb/v7-m/nofp\libgcc.a(_arm_unorddf2.o)
                0x00000000080009fc                __unorddf2
                0x00000000080009fc                __aeabi_dcmpun
 .text          0x0000000008000a28       0xa0 c:/st/stm32cubeide_1.5.1/stm32cubeide/plugins/com.st.stm32cube.ide.mcu.externaltools.gnu-tools-for-stm32.9-2020-q2-update.win32_1.5.0.202011040924/tools/bin/../lib/gcc/arm-none-eabi/9.3.1/thumb/v7-m/nofp\libgcc.a(_arm_truncdfsf2.o)
                0x0000000008000a28                __truncdfsf2
                0x0000000008000a28                __aeabi_d2f
 .text          0x0000000008000ac8       0xec c:/st/stm32cubeide_1.5.1/stm32cubeide/plugins/com.st.stm32cube.ide.mcu.externaltools.gnu-tools-for-stm32.9-2020-q2-update.win32_1.5.0.202011040924/tools/bin/../lib/gcc/arm-none-eabi/9.3.1/thumb/v7-m/nofp\libgcc.a(_arm_cmpsf2.o)
                0x0000000008000ac8                __gesf2
                0x0000000008000ac8                __gtsf2
                0x0000000008000ad0                __lesf2
                0x0000000008000ad0                __ltsf2
                0x0000000008000ad8                __nesf2
                0x0000000008000ad8                __eqsf2
                0x0000000008000ad8                __cmpsf2
                0x0000000008000b38                __aeabi_cfrcmple
                0x0000000008000b40                __aeabi_cfcmpeq
                0x0000000008000b40                __aeabi_cfcmple
                0x0000000008000b50                __aeabi_fcmpeq
                0x0000000008000b64                __aeabi_fcmplt
                0x0000000008000b78                __aeabi_fcmple
                0x0000000008000b8c                __aeabi_fcmpge
                0x0000000008000ba0                __aeabi_fcmpgt
 *(.text*)
 .text.MPU6050_Init
                0x0000000008000bb4       0xac Core/Src/main.o
                0x0000000008000bb4                MPU6050_Init
 .text.MPU6050_Read_Accel
                0x0000000008000c60      0x228 Core/Src/main.o
                0x0000000008000c60                MPU6050_Read_Accel
 .text.MPU6050_Read_Gyro
                0x0000000008000e88       0xfc Core/Src/main.o
                0x0000000008000e88                MPU6050_Read_Gyro
 .text.Parameter_Receive_PC
                0x0000000008000f84      0x2fc Core/Src/main.o
 .text.Parameter_Transmit_PC
                0x0000000008001280       0x20 Core/Src/main.o
 .text.All_Parameters_Send_Tekseferde
                0x00000000080012a0      0x71c Core/Src/main.o
 .text.Error_Flag_Function
                0x00000000080019bc       0xa8 Core/Src/main.o
 .text.Button_Kontrol_Function
                0x0000000008001a64       0xd8 Core/Src/main.o
 .text.main     0x0000000008001b3c       0xe4 Core/Src/main.o
                0x0000000008001b3c                main
 .text.SystemClock_Config
                0x0000000008001c20       0xbe Core/Src/main.o
                0x0000000008001c20                SystemClock_Config
 *fill*         0x0000000008001cde        0x2 
 .text.MX_I2C1_Init
                0x0000000008001ce0       0x5c Core/Src/main.o
 .text.MX_RTC_Init
                0x0000000008001d3c       0x94 Core/Src/main.o
 .text.MX_TIM2_Init
                0x0000000008001dd0       0x9c Core/Src/main.o
 .text.MX_GPIO_Init
                0x0000000008001e6c       0xcc Core/Src/main.o
 .text.Error_Handler
                0x0000000008001f38        0xa Core/Src/main.o
                0x0000000008001f38                Error_Handler
 *fill*         0x0000000008001f42        0x2 
 .text.HAL_MspInit
                0x0000000008001f44       0x64 Core/Src/stm32f1xx_hal_msp.o
                0x0000000008001f44                HAL_MspInit
 .text.HAL_I2C_MspInit
                0x0000000008001fa8       0x7c Core/Src/stm32f1xx_hal_msp.o
                0x0000000008001fa8                HAL_I2C_MspInit
 .text.HAL_RTC_MspInit
                0x0000000008002024       0x48 Core/Src/stm32f1xx_hal_msp.o
                0x0000000008002024                HAL_RTC_MspInit
 .text.HAL_TIM_Base_MspInit
                0x000000000800206c       0x48 Core/Src/stm32f1xx_hal_msp.o
                0x000000000800206c                HAL_TIM_Base_MspInit
 .text.NMI_Handler
                0x00000000080020b4        0x6 Core/Src/stm32f1xx_it.o
                0x00000000080020b4                NMI_Handler
 .text.HardFault_Handler
                0x00000000080020ba        0x6 Core/Src/stm32f1xx_it.o
                0x00000000080020ba                HardFault_Handler
 .text.MemManage_Handler
                0x00000000080020c0        0x6 Core/Src/stm32f1xx_it.o
                0x00000000080020c0                MemManage_Handler
 .text.BusFault_Handler
                0x00000000080020c6        0x6 Core/Src/stm32f1xx_it.o
                0x00000000080020c6                BusFault_Handler
 .text.UsageFault_Handler
                0x00000000080020cc        0x6 Core/Src/stm32f1xx_it.o
                0x00000000080020cc                UsageFault_Handler
 .text.SVC_Handler
                0x00000000080020d2        0xc Core/Src/stm32f1xx_it.o
                0x00000000080020d2                SVC_Handler
 .text.DebugMon_Handler
                0x00000000080020de        0xc Core/Src/stm32f1xx_it.o
                0x00000000080020de                DebugMon_Handler
 .text.PendSV_Handler
                0x00000000080020ea        0xc Core/Src/stm32f1xx_it.o
                0x00000000080020ea                PendSV_Handler
 .text.SysTick_Handler
                0x00000000080020f6        0xc Core/Src/stm32f1xx_it.o
                0x00000000080020f6                SysTick_Handler
 *fill*         0x0000000008002102        0x2 
 .text.USB_LP_CAN1_RX0_IRQHandler
                0x0000000008002104       0x14 Core/Src/stm32f1xx_it.o
                0x0000000008002104                USB_LP_CAN1_RX0_IRQHandler
 .text.TIM2_IRQHandler
                0x0000000008002118       0x20 Core/Src/stm32f1xx_it.o
                0x0000000008002118                TIM2_IRQHandler
 .text.SystemInit
                0x0000000008002138        0xc Core/Src/system_stm32f1xx.o
                0x0000000008002138                SystemInit
 .text.Reset_Handler
                0x0000000008002144       0x48 Core/Startup/startup_stm32f103c8tx.o
                0x0000000008002144                Reset_Handler
 .text.Default_Handler
                0x000000000800218c        0x2 Core/Startup/startup_stm32f103c8tx.o
                0x000000000800218c                RTC_Alarm_IRQHandler
                0x000000000800218c                EXTI2_IRQHandler
                0x000000000800218c                TIM1_CC_IRQHandler
                0x000000000800218c                PVD_IRQHandler
                0x000000000800218c                EXTI3_IRQHandler
                0x000000000800218c                EXTI0_IRQHandler
                0x000000000800218c                I2C2_EV_IRQHandler
                0x000000000800218c                ADC1_2_IRQHandler
                0x000000000800218c                SPI1_IRQHandler
                0x000000000800218c                TAMPER_IRQHandler
                0x000000000800218c                DMA1_Channel4_IRQHandler
                0x000000000800218c                USART3_IRQHandler
                0x000000000800218c                RTC_IRQHandler
                0x000000000800218c                DMA1_Channel7_IRQHandler
                0x000000000800218c                CAN1_RX1_IRQHandler
                0x000000000800218c                TIM4_IRQHandler
                0x000000000800218c                I2C1_EV_IRQHandler
                0x000000000800218c                DMA1_Channel6_IRQHandler
                0x000000000800218c                TIM3_IRQHandler
                0x000000000800218c                RCC_IRQHandler
                0x000000000800218c                TIM1_TRG_COM_IRQHandler
                0x000000000800218c                DMA1_Channel1_IRQHandler
                0x000000000800218c                Default_Handler
                0x000000000800218c                EXTI15_10_IRQHandler
                0x000000000800218c                EXTI9_5_IRQHandler
                0x000000000800218c                SPI2_IRQHandler
                0x000000000800218c                DMA1_Channel5_IRQHandler
                0x000000000800218c                EXTI4_IRQHandler
                0x000000000800218c                USB_HP_CAN1_TX_IRQHandler
                0x000000000800218c                DMA1_Channel3_IRQHandler
                0x000000000800218c                TIM1_UP_IRQHandler
                0x000000000800218c                WWDG_IRQHandler
                0x000000000800218c                TIM1_BRK_IRQHandler
                0x000000000800218c                EXTI1_IRQHandler
                0x000000000800218c                USART2_IRQHandler
                0x000000000800218c                I2C2_ER_IRQHandler
                0x000000000800218c                DMA1_Channel2_IRQHandler
                0x000000000800218c                CAN1_SCE_IRQHandler
                0x000000000800218c                FLASH_IRQHandler
                0x000000000800218c                USART1_IRQHandler
                0x000000000800218c                I2C1_ER_IRQHandler
                0x000000000800218c                USBWakeUp_IRQHandler
 *fill*         0x000000000800218e        0x2 
 .text.HAL_Init
                0x0000000008002190       0x2c Drivers/STM32F1xx_HAL_Driver/Src/stm32f1xx_hal.o
                0x0000000008002190                HAL_Init
 .text.HAL_InitTick
                0x00000000080021bc       0x60 Drivers/STM32F1xx_HAL_Driver/Src/stm32f1xx_hal.o
                0x00000000080021bc                HAL_InitTick
 .text.HAL_IncTick
                0x000000000800221c       0x24 Drivers/STM32F1xx_HAL_Driver/Src/stm32f1xx_hal.o
                0x000000000800221c                HAL_IncTick
 .text.HAL_GetTick
                0x0000000008002240       0x14 Drivers/STM32F1xx_HAL_Driver/Src/stm32f1xx_hal.o
                0x0000000008002240                HAL_GetTick
 .text.HAL_Delay
                0x0000000008002254       0x48 Drivers/STM32F1xx_HAL_Driver/Src/stm32f1xx_hal.o
                0x0000000008002254                HAL_Delay
 .text.__NVIC_SetPriorityGrouping
                0x000000000800229c       0x48 Drivers/STM32F1xx_HAL_Driver/Src/stm32f1xx_hal_cortex.o
 .text.__NVIC_GetPriorityGrouping
                0x00000000080022e4       0x1c Drivers/STM32F1xx_HAL_Driver/Src/stm32f1xx_hal_cortex.o
 .text.__NVIC_EnableIRQ
                0x0000000008002300       0x38 Drivers/STM32F1xx_HAL_Driver/Src/stm32f1xx_hal_cortex.o
 .text.__NVIC_SetPriority
                0x0000000008002338       0x54 Drivers/STM32F1xx_HAL_Driver/Src/stm32f1xx_hal_cortex.o
 .text.NVIC_EncodePriority
                0x000000000800238c       0x64 Drivers/STM32F1xx_HAL_Driver/Src/stm32f1xx_hal_cortex.o
 .text.SysTick_Config
                0x00000000080023f0       0x44 Drivers/STM32F1xx_HAL_Driver/Src/stm32f1xx_hal_cortex.o
 .text.HAL_NVIC_SetPriorityGrouping
                0x0000000008002434       0x16 Drivers/STM32F1xx_HAL_Driver/Src/stm32f1xx_hal_cortex.o
                0x0000000008002434                HAL_NVIC_SetPriorityGrouping
 .text.HAL_NVIC_SetPriority
                0x000000000800244a       0x38 Drivers/STM32F1xx_HAL_Driver/Src/stm32f1xx_hal_cortex.o
                0x000000000800244a                HAL_NVIC_SetPriority
 .text.HAL_NVIC_EnableIRQ
                0x0000000008002482       0x1c Drivers/STM32F1xx_HAL_Driver/Src/stm32f1xx_hal_cortex.o
                0x0000000008002482                HAL_NVIC_EnableIRQ
 .text.HAL_SYSTICK_Config
                0x000000000800249e       0x18 Drivers/STM32F1xx_HAL_Driver/Src/stm32f1xx_hal_cortex.o
                0x000000000800249e                HAL_SYSTICK_Config
 *fill*         0x00000000080024b6        0x2 
 .text.HAL_GPIO_Init
                0x00000000080024b8      0x308 Drivers/STM32F1xx_HAL_Driver/Src/stm32f1xx_hal_gpio.o
                0x00000000080024b8                HAL_GPIO_Init
 .text.HAL_GPIO_ReadPin
                0x00000000080027c0       0x2e Drivers/STM32F1xx_HAL_Driver/Src/stm32f1xx_hal_gpio.o
                0x00000000080027c0                HAL_GPIO_ReadPin
 .text.HAL_GPIO_WritePin
                0x00000000080027ee       0x30 Drivers/STM32F1xx_HAL_Driver/Src/stm32f1xx_hal_gpio.o
                0x00000000080027ee                HAL_GPIO_WritePin
 .text.HAL_GPIO_TogglePin
                0x000000000800281e       0x32 Drivers/STM32F1xx_HAL_Driver/Src/stm32f1xx_hal_gpio.o
                0x000000000800281e                HAL_GPIO_TogglePin
 .text.HAL_I2C_Init
                0x0000000008002850      0x288 Drivers/STM32F1xx_HAL_Driver/Src/stm32f1xx_hal_i2c.o
                0x0000000008002850                HAL_I2C_Init
 .text.HAL_I2C_Mem_Write
                0x0000000008002ad8      0x1f4 Drivers/STM32F1xx_HAL_Driver/Src/stm32f1xx_hal_i2c.o
                0x0000000008002ad8                HAL_I2C_Mem_Write
 .text.HAL_I2C_Mem_Read
                0x0000000008002ccc      0x4d0 Drivers/STM32F1xx_HAL_Driver/Src/stm32f1xx_hal_i2c.o
                0x0000000008002ccc                HAL_I2C_Mem_Read
 .text.I2C_RequestMemoryWrite
                0x000000000800319c      0x12c Drivers/STM32F1xx_HAL_Driver/Src/stm32f1xx_hal_i2c.o
 .text.I2C_RequestMemoryRead
                0x00000000080032c8      0x1d0 Drivers/STM32F1xx_HAL_Driver/Src/stm32f1xx_hal_i2c.o
 .text.I2C_WaitOnFlagUntilTimeout
                0x0000000008003498       0xae Drivers/STM32F1xx_HAL_Driver/Src/stm32f1xx_hal_i2c.o
 .text.I2C_WaitOnMasterAddressFlagUntilTimeout
                0x0000000008003546       0xfe Drivers/STM32F1xx_HAL_Driver/Src/stm32f1xx_hal_i2c.o
 .text.I2C_WaitOnTXEFlagUntilTimeout
                0x0000000008003644       0x82 Drivers/STM32F1xx_HAL_Driver/Src/stm32f1xx_hal_i2c.o
 .text.I2C_WaitOnBTFFlagUntilTimeout
                0x00000000080036c6       0x82 Drivers/STM32F1xx_HAL_Driver/Src/stm32f1xx_hal_i2c.o
 .text.I2C_WaitOnRXNEFlagUntilTimeout
                0x0000000008003748       0xac Drivers/STM32F1xx_HAL_Driver/Src/stm32f1xx_hal_i2c.o
 .text.I2C_IsAcknowledgeFailed
                0x00000000080037f4       0x5c Drivers/STM32F1xx_HAL_Driver/Src/stm32f1xx_hal_i2c.o
 .text.HAL_PCD_Init
                0x0000000008003850      0x216 Drivers/STM32F1xx_HAL_Driver/Src/stm32f1xx_hal_pcd.o
                0x0000000008003850                HAL_PCD_Init
 .text.HAL_PCD_Start
                0x0000000008003a66       0x4c Drivers/STM32F1xx_HAL_Driver/Src/stm32f1xx_hal_pcd.o
                0x0000000008003a66                HAL_PCD_Start
 .text.HAL_PCD_IRQHandler
                0x0000000008003ab2      0x2aa Drivers/STM32F1xx_HAL_Driver/Src/stm32f1xx_hal_pcd.o
                0x0000000008003ab2                HAL_PCD_IRQHandler
 .text.HAL_PCD_SetAddress
                0x0000000008003d5c       0x4a Drivers/STM32F1xx_HAL_Driver/Src/stm32f1xx_hal_pcd.o
                0x0000000008003d5c                HAL_PCD_SetAddress
 .text.HAL_PCD_EP_Open
                0x0000000008003da6       0xcc Drivers/STM32F1xx_HAL_Driver/Src/stm32f1xx_hal_pcd.o
                0x0000000008003da6                HAL_PCD_EP_Open
 .text.HAL_PCD_EP_Close
                0x0000000008003e72       0x90 Drivers/STM32F1xx_HAL_Driver/Src/stm32f1xx_hal_pcd.o
                0x0000000008003e72                HAL_PCD_EP_Close
 .text.HAL_PCD_EP_Receive
                0x0000000008003f02       0x7a Drivers/STM32F1xx_HAL_Driver/Src/stm32f1xx_hal_pcd.o
                0x0000000008003f02                HAL_PCD_EP_Receive
 .text.HAL_PCD_EP_GetRxCount
                0x0000000008003f7c       0x2e Drivers/STM32F1xx_HAL_Driver/Src/stm32f1xx_hal_pcd.o
                0x0000000008003f7c                HAL_PCD_EP_GetRxCount
 .text.HAL_PCD_EP_Transmit
                0x0000000008003faa       0x86 Drivers/STM32F1xx_HAL_Driver/Src/stm32f1xx_hal_pcd.o
                0x0000000008003faa                HAL_PCD_EP_Transmit
 .text.HAL_PCD_EP_SetStall
                0x0000000008004030       0xc0 Drivers/STM32F1xx_HAL_Driver/Src/stm32f1xx_hal_pcd.o
                0x0000000008004030                HAL_PCD_EP_SetStall
 .text.HAL_PCD_EP_ClrStall
                0x00000000080040f0       0xa8 Drivers/STM32F1xx_HAL_Driver/Src/stm32f1xx_hal_pcd.o
                0x00000000080040f0                HAL_PCD_EP_ClrStall
 .text.PCD_EP_ISR_Handler
                0x0000000008004198      0x5e6 Drivers/STM32F1xx_HAL_Driver/Src/stm32f1xx_hal_pcd.o
 .text.HAL_PCD_EP_DB_Receive
                0x000000000800477e      0x21a Drivers/STM32F1xx_HAL_Driver/Src/stm32f1xx_hal_pcd.o
 .text.HAL_PCD_EP_DB_Transmit
                0x0000000008004998      0x556 Drivers/STM32F1xx_HAL_Driver/Src/stm32f1xx_hal_pcd.o
 .text.HAL_PCDEx_PMAConfig
                0x0000000008004eee       0x84 Drivers/STM32F1xx_HAL_Driver/Src/stm32f1xx_hal_pcd_ex.o
                0x0000000008004eee                HAL_PCDEx_PMAConfig
 *fill*         0x0000000008004f72        0x2 
 .text.HAL_PWR_EnableBkUpAccess
                0x0000000008004f74       0x18 Drivers/STM32F1xx_HAL_Driver/Src/stm32f1xx_hal_pwr.o
                0x0000000008004f74                HAL_PWR_EnableBkUpAccess
 .text.HAL_RCC_OscConfig
                0x0000000008004f8c      0x500 Drivers/STM32F1xx_HAL_Driver/Src/stm32f1xx_hal_rcc.o
                0x0000000008004f8c                HAL_RCC_OscConfig
 .text.HAL_RCC_ClockConfig
                0x000000000800548c      0x1d4 Drivers/STM32F1xx_HAL_Driver/Src/stm32f1xx_hal_rcc.o
                0x000000000800548c                HAL_RCC_ClockConfig
 .text.HAL_RCC_GetSysClockFreq
                0x0000000008005660       0xc0 Drivers/STM32F1xx_HAL_Driver/Src/stm32f1xx_hal_rcc.o
                0x0000000008005660                HAL_RCC_GetSysClockFreq
 .text.HAL_RCC_GetHCLKFreq
                0x0000000008005720       0x14 Drivers/STM32F1xx_HAL_Driver/Src/stm32f1xx_hal_rcc.o
                0x0000000008005720                HAL_RCC_GetHCLKFreq
 .text.HAL_RCC_GetPCLK1Freq
                0x0000000008005734       0x28 Drivers/STM32F1xx_HAL_Driver/Src/stm32f1xx_hal_rcc.o
                0x0000000008005734                HAL_RCC_GetPCLK1Freq
 .text.HAL_RCC_GetPCLK2Freq
                0x000000000800575c       0x28 Drivers/STM32F1xx_HAL_Driver/Src/stm32f1xx_hal_rcc.o
                0x000000000800575c                HAL_RCC_GetPCLK2Freq
 .text.RCC_Delay
                0x0000000008005784       0x3c Drivers/STM32F1xx_HAL_Driver/Src/stm32f1xx_hal_rcc.o
 .text.HAL_RCCEx_PeriphCLKConfig
                0x00000000080057c0      0x16c Drivers/STM32F1xx_HAL_Driver/Src/stm32f1xx_hal_rcc_ex.o
                0x00000000080057c0                HAL_RCCEx_PeriphCLKConfig
 .text.HAL_RCCEx_GetPeriphCLKFreq
                0x000000000800592c      0x188 Drivers/STM32F1xx_HAL_Driver/Src/stm32f1xx_hal_rcc_ex.o
                0x000000000800592c                HAL_RCCEx_GetPeriphCLKFreq
 .text.HAL_RTC_Init
                0x0000000008005ab4      0x12c Drivers/STM32F1xx_HAL_Driver/Src/stm32f1xx_hal_rtc.o
                0x0000000008005ab4                HAL_RTC_Init
 .text.HAL_RTC_SetTime
                0x0000000008005be0      0x12e Drivers/STM32F1xx_HAL_Driver/Src/stm32f1xx_hal_rtc.o
                0x0000000008005be0                HAL_RTC_SetTime
 *fill*         0x0000000008005d0e        0x2 
 .text.HAL_RTC_SetDate
                0x0000000008005d10      0x16c Drivers/STM32F1xx_HAL_Driver/Src/stm32f1xx_hal_rtc.o
                0x0000000008005d10                HAL_RTC_SetDate
 .text.HAL_RTC_WaitForSynchro
                0x0000000008005e7c       0x5a Drivers/STM32F1xx_HAL_Driver/Src/stm32f1xx_hal_rtc.o
                0x0000000008005e7c                HAL_RTC_WaitForSynchro
 .text.RTC_ReadTimeCounter
                0x0000000008005ed6       0x60 Drivers/STM32F1xx_HAL_Driver/Src/stm32f1xx_hal_rtc.o
 .text.RTC_WriteTimeCounter
                0x0000000008005f36       0x4e Drivers/STM32F1xx_HAL_Driver/Src/stm32f1xx_hal_rtc.o
 .text.RTC_ReadAlarmCounter
                0x0000000008005f84       0x32 Drivers/STM32F1xx_HAL_Driver/Src/stm32f1xx_hal_rtc.o
 .text.RTC_WriteAlarmCounter
                0x0000000008005fb6       0x4e Drivers/STM32F1xx_HAL_Driver/Src/stm32f1xx_hal_rtc.o
 .text.RTC_EnterInitMode
                0x0000000008006004       0x50 Drivers/STM32F1xx_HAL_Driver/Src/stm32f1xx_hal_rtc.o
 .text.RTC_ExitInitMode
                0x0000000008006054       0x50 Drivers/STM32F1xx_HAL_Driver/Src/stm32f1xx_hal_rtc.o
 .text.RTC_Bcd2ToByte
                0x00000000080060a4       0x3a Drivers/STM32F1xx_HAL_Driver/Src/stm32f1xx_hal_rtc.o
 *fill*         0x00000000080060de        0x2 
 .text.RTC_WeekDayNum
                0x00000000080060e0       0xf0 Drivers/STM32F1xx_HAL_Driver/Src/stm32f1xx_hal_rtc.o
 .text.HAL_TIM_Base_Init
                0x00000000080061d0       0x9e Drivers/STM32F1xx_HAL_Driver/Src/stm32f1xx_hal_tim.o
                0x00000000080061d0                HAL_TIM_Base_Init
 *fill*         0x000000000800626e        0x2 
 .text.HAL_TIM_Base_Start_IT
                0x0000000008006270       0xa4 Drivers/STM32F1xx_HAL_Driver/Src/stm32f1xx_hal_tim.o
                0x0000000008006270                HAL_TIM_Base_Start_IT
 .text.HAL_TIM_IRQHandler
                0x0000000008006314      0x210 Drivers/STM32F1xx_HAL_Driver/Src/stm32f1xx_hal_tim.o
                0x0000000008006314                HAL_TIM_IRQHandler
 .text.HAL_TIM_ConfigClockSource
                0x0000000008006524      0x188 Drivers/STM32F1xx_HAL_Driver/Src/stm32f1xx_hal_tim.o
                0x0000000008006524                HAL_TIM_ConfigClockSource
 .text.HAL_TIM_PeriodElapsedCallback
                0x00000000080066ac       0x12 Drivers/STM32F1xx_HAL_Driver/Src/stm32f1xx_hal_tim.o
                0x00000000080066ac                HAL_TIM_PeriodElapsedCallback
 .text.HAL_TIM_OC_DelayElapsedCallback
                0x00000000080066be       0x12 Drivers/STM32F1xx_HAL_Driver/Src/stm32f1xx_hal_tim.o
                0x00000000080066be                HAL_TIM_OC_DelayElapsedCallback
 .text.HAL_TIM_IC_CaptureCallback
                0x00000000080066d0       0x12 Drivers/STM32F1xx_HAL_Driver/Src/stm32f1xx_hal_tim.o
                0x00000000080066d0                HAL_TIM_IC_CaptureCallback
 .text.HAL_TIM_PWM_PulseFinishedCallback
                0x00000000080066e2       0x12 Drivers/STM32F1xx_HAL_Driver/Src/stm32f1xx_hal_tim.o
                0x00000000080066e2                HAL_TIM_PWM_PulseFinishedCallback
 .text.HAL_TIM_TriggerCallback
                0x00000000080066f4       0x12 Drivers/STM32F1xx_HAL_Driver/Src/stm32f1xx_hal_tim.o
                0x00000000080066f4                HAL_TIM_TriggerCallback
 *fill*         0x0000000008006706        0x2 
 .text.TIM_Base_SetConfig
                0x0000000008006708       0xc4 Drivers/STM32F1xx_HAL_Driver/Src/stm32f1xx_hal_tim.o
                0x0000000008006708                TIM_Base_SetConfig
 .text.TIM_TI1_ConfigInputStage
                0x00000000080067cc       0x5c Drivers/STM32F1xx_HAL_Driver/Src/stm32f1xx_hal_tim.o
 .text.TIM_TI2_ConfigInputStage
                0x0000000008006828       0x5e Drivers/STM32F1xx_HAL_Driver/Src/stm32f1xx_hal_tim.o
 .text.TIM_ITRx_SetConfig
                0x0000000008006886       0x34 Drivers/STM32F1xx_HAL_Driver/Src/stm32f1xx_hal_tim.o
 .text.TIM_ETR_SetConfig
                0x00000000080068ba       0x3e Drivers/STM32F1xx_HAL_Driver/Src/stm32f1xx_hal_tim.o
                0x00000000080068ba                TIM_ETR_SetConfig
 .text.HAL_TIMEx_MasterConfigSynchronization
                0x00000000080068f8       0xbc Drivers/STM32F1xx_HAL_Driver/Src/stm32f1xx_hal_tim_ex.o
                0x00000000080068f8                HAL_TIMEx_MasterConfigSynchronization
 .text.HAL_TIMEx_CommutCallback
                0x00000000080069b4       0x12 Drivers/STM32F1xx_HAL_Driver/Src/stm32f1xx_hal_tim_ex.o
                0x00000000080069b4                HAL_TIMEx_CommutCallback
 .text.HAL_TIMEx_BreakCallback
                0x00000000080069c6       0x12 Drivers/STM32F1xx_HAL_Driver/Src/stm32f1xx_hal_tim_ex.o
                0x00000000080069c6                HAL_TIMEx_BreakCallback
 .text.USB_CoreInit
                0x00000000080069d8       0x20 Drivers/STM32F1xx_HAL_Driver/Src/stm32f1xx_ll_usb.o
                0x00000000080069d8                USB_CoreInit
 .text.USB_EnableGlobalInt
                0x00000000080069f8       0x2c Drivers/STM32F1xx_HAL_Driver/Src/stm32f1xx_ll_usb.o
                0x00000000080069f8                USB_EnableGlobalInt
 .text.USB_DisableGlobalInt
                0x0000000008006a24       0x34 Drivers/STM32F1xx_HAL_Driver/Src/stm32f1xx_ll_usb.o
                0x0000000008006a24                USB_DisableGlobalInt
 .text.USB_SetCurrentMode
                0x0000000008006a58       0x18 Drivers/STM32F1xx_HAL_Driver/Src/stm32f1xx_ll_usb.o
                0x0000000008006a58                USB_SetCurrentMode
 .text.USB_DevInit
                0x0000000008006a70       0x40 Drivers/STM32F1xx_HAL_Driver/Src/stm32f1xx_ll_usb.o
                0x0000000008006a70                USB_DevInit
 .text.USB_ActivateEndpoint
                0x0000000008006ab0      0x6d4 Drivers/STM32F1xx_HAL_Driver/Src/stm32f1xx_ll_usb.o
                0x0000000008006ab0                USB_ActivateEndpoint
 .text.USB_DeactivateEndpoint
                0x0000000008007184      0x3d8 Drivers/STM32F1xx_HAL_Driver/Src/stm32f1xx_ll_usb.o
                0x0000000008007184                USB_DeactivateEndpoint
 .text.USB_EPStartXfer
                0x000000000800755c     0x1240 Drivers/STM32F1xx_HAL_Driver/Src/stm32f1xx_ll_usb.o
                0x000000000800755c                USB_EPStartXfer
 .text.USB_EPSetStall
                0x000000000800879c       0xa0 Drivers/STM32F1xx_HAL_Driver/Src/stm32f1xx_ll_usb.o
                0x000000000800879c                USB_EPSetStall
 .text.USB_EPClearStall
                0x000000000800883c      0x15a Drivers/STM32F1xx_HAL_Driver/Src/stm32f1xx_ll_usb.o
                0x000000000800883c                USB_EPClearStall
 .text.USB_SetDevAddress
                0x0000000008008996       0x26 Drivers/STM32F1xx_HAL_Driver/Src/stm32f1xx_ll_usb.o
                0x0000000008008996                USB_SetDevAddress
 .text.USB_DevConnect
                0x00000000080089bc       0x14 Drivers/STM32F1xx_HAL_Driver/Src/stm32f1xx_ll_usb.o
                0x00000000080089bc                USB_DevConnect
 .text.USB_DevDisconnect
                0x00000000080089d0       0x14 Drivers/STM32F1xx_HAL_Driver/Src/stm32f1xx_ll_usb.o
                0x00000000080089d0                USB_DevDisconnect
 .text.USB_ReadInterrupts
                0x00000000080089e4       0x1e Drivers/STM32F1xx_HAL_Driver/Src/stm32f1xx_ll_usb.o
                0x00000000080089e4                USB_ReadInterrupts
 .text.USB_EP0_OutStart
                0x0000000008008a02       0x16 Drivers/STM32F1xx_HAL_Driver/Src/stm32f1xx_ll_usb.o
                0x0000000008008a02                USB_EP0_OutStart
 .text.USB_WritePMA
                0x0000000008008a18       0x8a Drivers/STM32F1xx_HAL_Driver/Src/stm32f1xx_ll_usb.o
                0x0000000008008a18                USB_WritePMA
 .text.USB_ReadPMA
                0x0000000008008aa2       0x9e Drivers/STM32F1xx_HAL_Driver/Src/stm32f1xx_ll_usb.o
                0x0000000008008aa2                USB_ReadPMA
 .text.USBD_CDC_Init
                0x0000000008008b40       0xf4 Middlewares/ST/STM32_USB_Device_Library/Class/CDC/Src/usbd_cdc.o
 .text.USBD_CDC_DeInit
                0x0000000008008c34       0x6e Middlewares/ST/STM32_USB_Device_Library/Class/CDC/Src/usbd_cdc.o
 .text.USBD_CDC_Setup
                0x0000000008008ca2      0x146 Middlewares/ST/STM32_USB_Device_Library/Class/CDC/Src/usbd_cdc.o
 .text.USBD_CDC_DataIn
                0x0000000008008de8       0xa6 Middlewares/ST/STM32_USB_Device_Library/Class/CDC/Src/usbd_cdc.o
 .text.USBD_CDC_DataOut
                0x0000000008008e8e       0x56 Middlewares/ST/STM32_USB_Device_Library/Class/CDC/Src/usbd_cdc.o
 .text.USBD_CDC_EP0_RxReady
                0x0000000008008ee4       0x50 Middlewares/ST/STM32_USB_Device_Library/Class/CDC/Src/usbd_cdc.o
 .text.USBD_CDC_GetFSCfgDesc
                0x0000000008008f34       0x20 Middlewares/ST/STM32_USB_Device_Library/Class/CDC/Src/usbd_cdc.o
 .text.USBD_CDC_GetHSCfgDesc
                0x0000000008008f54       0x20 Middlewares/ST/STM32_USB_Device_Library/Class/CDC/Src/usbd_cdc.o
 .text.USBD_CDC_GetOtherSpeedCfgDesc
                0x0000000008008f74       0x20 Middlewares/ST/STM32_USB_Device_Library/Class/CDC/Src/usbd_cdc.o
 .text.USBD_CDC_GetDeviceQualifierDescriptor
                0x0000000008008f94       0x20 Middlewares/ST/STM32_USB_Device_Library/Class/CDC/Src/usbd_cdc.o
                0x0000000008008f94                USBD_CDC_GetDeviceQualifierDescriptor
 .text.USBD_CDC_RegisterInterface
                0x0000000008008fb4       0x2c Middlewares/ST/STM32_USB_Device_Library/Class/CDC/Src/usbd_cdc.o
                0x0000000008008fb4                USBD_CDC_RegisterInterface
 .text.USBD_CDC_SetTxBuffer
                0x0000000008008fe0       0x32 Middlewares/ST/STM32_USB_Device_Library/Class/CDC/Src/usbd_cdc.o
                0x0000000008008fe0                USBD_CDC_SetTxBuffer
 .text.USBD_CDC_SetRxBuffer
                0x0000000008009012       0x26 Middlewares/ST/STM32_USB_Device_Library/Class/CDC/Src/usbd_cdc.o
                0x0000000008009012                USBD_CDC_SetRxBuffer
 .text.USBD_CDC_TransmitPacket
                0x0000000008009038       0x5e Middlewares/ST/STM32_USB_Device_Library/Class/CDC/Src/usbd_cdc.o
                0x0000000008009038                USBD_CDC_TransmitPacket
 .text.USBD_CDC_ReceivePacket
                0x0000000008009096       0x54 Middlewares/ST/STM32_USB_Device_Library/Class/CDC/Src/usbd_cdc.o
                0x0000000008009096                USBD_CDC_ReceivePacket
 .text.USBD_Init
                0x00000000080090ea       0x56 Middlewares/ST/STM32_USB_Device_Library/Core/Src/usbd_core.o
                0x00000000080090ea                USBD_Init
 .text.USBD_RegisterClass
                0x0000000008009140       0x32 Middlewares/ST/STM32_USB_Device_Library/Core/Src/usbd_core.o
                0x0000000008009140                USBD_RegisterClass
 .text.USBD_Start
                0x0000000008009172       0x18 Middlewares/ST/STM32_USB_Device_Library/Core/Src/usbd_core.o
                0x0000000008009172                USBD_Start
 .text.USBD_RunTestMode
                0x000000000800918a       0x14 Middlewares/ST/STM32_USB_Device_Library/Core/Src/usbd_core.o
                0x000000000800918a                USBD_RunTestMode
 .text.USBD_SetClassConfig
                0x000000000800919e       0x3e Middlewares/ST/STM32_USB_Device_Library/Core/Src/usbd_core.o
                0x000000000800919e                USBD_SetClassConfig
 .text.USBD_ClrClassConfig
                0x00000000080091dc       0x26 Middlewares/ST/STM32_USB_Device_Library/Core/Src/usbd_core.o
                0x00000000080091dc                USBD_ClrClassConfig
 .text.USBD_LL_SetupStage
                0x0000000008009202       0x9a Middlewares/ST/STM32_USB_Device_Library/Core/Src/usbd_core.o
                0x0000000008009202                USBD_LL_SetupStage
 .text.USBD_LL_DataOutStage
                0x000000000800929c       0xe2 Middlewares/ST/STM32_USB_Device_Library/Core/Src/usbd_core.o
                0x000000000800929c                USBD_LL_DataOutStage
 .text.USBD_LL_DataInStage
                0x000000000800937e      0x14a Middlewares/ST/STM32_USB_Device_Library/Core/Src/usbd_core.o
                0x000000000800937e                USBD_LL_DataInStage
 .text.USBD_LL_Reset
                0x00000000080094c8       0x82 Middlewares/ST/STM32_USB_Device_Library/Core/Src/usbd_core.o
                0x00000000080094c8                USBD_LL_Reset
 .text.USBD_LL_SetSpeed
                0x000000000800954a       0x1e Middlewares/ST/STM32_USB_Device_Library/Core/Src/usbd_core.o
                0x000000000800954a                USBD_LL_SetSpeed
 .text.USBD_LL_Suspend
                0x0000000008009568       0x28 Middlewares/ST/STM32_USB_Device_Library/Core/Src/usbd_core.o
                0x0000000008009568                USBD_LL_Suspend
 .text.USBD_LL_Resume
                0x0000000008009590       0x2a Middlewares/ST/STM32_USB_Device_Library/Core/Src/usbd_core.o
                0x0000000008009590                USBD_LL_Resume
 .text.USBD_LL_SOF
                0x00000000080095ba       0x34 Middlewares/ST/STM32_USB_Device_Library/Core/Src/usbd_core.o
                0x00000000080095ba                USBD_LL_SOF
 *fill*         0x00000000080095ee        0x2 
 .text.USBD_StdDevReq
                0x00000000080095f0       0xd4 Middlewares/ST/STM32_USB_Device_Library/Core/Src/usbd_ctlreq.o
                0x00000000080095f0                USBD_StdDevReq
 .text.USBD_StdItfReq
                0x00000000080096c4       0x90 Middlewares/ST/STM32_USB_Device_Library/Core/Src/usbd_ctlreq.o
                0x00000000080096c4                USBD_StdItfReq
 .text.USBD_StdEPReq
                0x0000000008009754      0x2c6 Middlewares/ST/STM32_USB_Device_Library/Core/Src/usbd_ctlreq.o
                0x0000000008009754                USBD_StdEPReq
 *fill*         0x0000000008009a1a        0x2 
 .text.USBD_GetDescriptor
                0x0000000008009a1c      0x2d0 Middlewares/ST/STM32_USB_Device_Library/Core/Src/usbd_ctlreq.o
 .text.USBD_SetAddress
                0x0000000008009cec       0x86 Middlewares/ST/STM32_USB_Device_Library/Core/Src/usbd_ctlreq.o
 *fill*         0x0000000008009d72        0x2 
 .text.USBD_SetConfig
                0x0000000008009d74      0x11c Middlewares/ST/STM32_USB_Device_Library/Core/Src/usbd_ctlreq.o
 .text.USBD_GetConfig
                0x0000000008009e90       0x6a Middlewares/ST/STM32_USB_Device_Library/Core/Src/usbd_ctlreq.o
 .text.USBD_GetStatus
                0x0000000008009efa       0x66 Middlewares/ST/STM32_USB_Device_Library/Core/Src/usbd_ctlreq.o
 .text.USBD_SetFeature
                0x0000000008009f60       0x28 Middlewares/ST/STM32_USB_Device_Library/Core/Src/usbd_ctlreq.o
 .text.USBD_ClrFeature
                0x0000000008009f88       0x42 Middlewares/ST/STM32_USB_Device_Library/Core/Src/usbd_ctlreq.o
 .text.USBD_ParseSetupRequest
                0x0000000008009fca       0x78 Middlewares/ST/STM32_USB_Device_Library/Core/Src/usbd_ctlreq.o
                0x0000000008009fca                USBD_ParseSetupRequest
 .text.USBD_CtlError
                0x000000000800a042       0x22 Middlewares/ST/STM32_USB_Device_Library/Core/Src/usbd_ctlreq.o
                0x000000000800a042                USBD_CtlError
 .text.USBD_GetString
                0x000000000800a064       0x84 Middlewares/ST/STM32_USB_Device_Library/Core/Src/usbd_ctlreq.o
                0x000000000800a064                USBD_GetString
 .text.USBD_GetLen
                0x000000000800a0e8       0x2e Middlewares/ST/STM32_USB_Device_Library/Core/Src/usbd_ctlreq.o
 .text.USBD_CtlSendData
                0x000000000800a116       0x38 Middlewares/ST/STM32_USB_Device_Library/Core/Src/usbd_ioreq.o
                0x000000000800a116                USBD_CtlSendData
 .text.USBD_CtlContinueSendData
                0x000000000800a14e       0x24 Middlewares/ST/STM32_USB_Device_Library/Core/Src/usbd_ioreq.o
                0x000000000800a14e                USBD_CtlContinueSendData
 .text.USBD_CtlPrepareRx
                0x000000000800a172       0x3c Middlewares/ST/STM32_USB_Device_Library/Core/Src/usbd_ioreq.o
                0x000000000800a172                USBD_CtlPrepareRx
 .text.USBD_CtlContinueRx
                0x000000000800a1ae       0x24 Middlewares/ST/STM32_USB_Device_Library/Core/Src/usbd_ioreq.o
                0x000000000800a1ae                USBD_CtlContinueRx
 .text.USBD_CtlSendStatus
                0x000000000800a1d2       0x26 Middlewares/ST/STM32_USB_Device_Library/Core/Src/usbd_ioreq.o
                0x000000000800a1d2                USBD_CtlSendStatus
 .text.USBD_CtlReceiveStatus
                0x000000000800a1f8       0x26 Middlewares/ST/STM32_USB_Device_Library/Core/Src/usbd_ioreq.o
                0x000000000800a1f8                USBD_CtlReceiveStatus
 *fill*         0x000000000800a21e        0x2 
 .text.MX_USB_DEVICE_Init
                0x000000000800a220       0x60 USB_DEVICE/App/usb_device.o
                0x000000000800a220                MX_USB_DEVICE_Init
 .text.CDC_Init_FS
                0x000000000800a280       0x28 USB_DEVICE/App/usbd_cdc_if.o
 .text.CDC_DeInit_FS
                0x000000000800a2a8        0xe USB_DEVICE/App/usbd_cdc_if.o
 *fill*         0x000000000800a2b6        0x2 
 .text.CDC_Control_FS
                0x000000000800a2b8       0xbc USB_DEVICE/App/usbd_cdc_if.o
 .text.CDC_Receive_FS
                0x000000000800a374       0x3c USB_DEVICE/App/usbd_cdc_if.o
 .text.CDC_Transmit_FS
                0x000000000800a3b0       0x4c USB_DEVICE/App/usbd_cdc_if.o
                0x000000000800a3b0                CDC_Transmit_FS
 .text.USBD_FS_DeviceDescriptor
                0x000000000800a3fc       0x24 USB_DEVICE/App/usbd_desc.o
                0x000000000800a3fc                USBD_FS_DeviceDescriptor
 .text.USBD_FS_LangIDStrDescriptor
                0x000000000800a420       0x24 USB_DEVICE/App/usbd_desc.o
                0x000000000800a420                USBD_FS_LangIDStrDescriptor
 .text.USBD_FS_ProductStrDescriptor
                0x000000000800a444       0x3c USB_DEVICE/App/usbd_desc.o
                0x000000000800a444                USBD_FS_ProductStrDescriptor
 .text.USBD_FS_ManufacturerStrDescriptor
                0x000000000800a480       0x28 USB_DEVICE/App/usbd_desc.o
                0x000000000800a480                USBD_FS_ManufacturerStrDescriptor
 .text.USBD_FS_SerialStrDescriptor
                0x000000000800a4a8       0x24 USB_DEVICE/App/usbd_desc.o
                0x000000000800a4a8                USBD_FS_SerialStrDescriptor
 .text.USBD_FS_ConfigStrDescriptor
                0x000000000800a4cc       0x3c USB_DEVICE/App/usbd_desc.o
                0x000000000800a4cc                USBD_FS_ConfigStrDescriptor
 .text.USBD_FS_InterfaceStrDescriptor
                0x000000000800a508       0x3c USB_DEVICE/App/usbd_desc.o
                0x000000000800a508                USBD_FS_InterfaceStrDescriptor
 .text.Get_SerialNum
                0x000000000800a544       0x58 USB_DEVICE/App/usbd_desc.o
 .text.IntToUnicode
                0x000000000800a59c       0x7c USB_DEVICE/App/usbd_desc.o
 .text.HAL_PCD_MspInit
                0x000000000800a618       0x4c USB_DEVICE/Target/usbd_conf.o
                0x000000000800a618                HAL_PCD_MspInit
 .text.HAL_PCD_SetupStageCallback
                0x000000000800a664       0x24 USB_DEVICE/Target/usbd_conf.o
                0x000000000800a664                HAL_PCD_SetupStageCallback
 .text.HAL_PCD_DataOutStageCallback
                0x000000000800a688       0x36 USB_DEVICE/Target/usbd_conf.o
                0x000000000800a688                HAL_PCD_DataOutStageCallback
 .text.HAL_PCD_DataInStageCallback
                0x000000000800a6be       0x34 USB_DEVICE/Target/usbd_conf.o
                0x000000000800a6be                HAL_PCD_DataInStageCallback
 .text.HAL_PCD_SOFCallback
                0x000000000800a6f2       0x1c USB_DEVICE/Target/usbd_conf.o
                0x000000000800a6f2                HAL_PCD_SOFCallback
 .text.HAL_PCD_ResetCallback
                0x000000000800a70e       0x3c USB_DEVICE/Target/usbd_conf.o
                0x000000000800a70e                HAL_PCD_ResetCallback
 *fill*         0x000000000800a74a        0x2 
 .text.HAL_PCD_SuspendCallback
                0x000000000800a74c       0x34 USB_DEVICE/Target/usbd_conf.o
                0x000000000800a74c                HAL_PCD_SuspendCallback
 .text.HAL_PCD_ResumeCallback
                0x000000000800a780       0x1c USB_DEVICE/Target/usbd_conf.o
                0x000000000800a780                HAL_PCD_ResumeCallback
 .text.USBD_LL_Init
                0x000000000800a79c       0xb4 USB_DEVICE/Target/usbd_conf.o
                0x000000000800a79c                USBD_LL_Init
 .text.USBD_LL_Start
                0x000000000800a850       0x36 USB_DEVICE/Target/usbd_conf.o
                0x000000000800a850                USBD_LL_Start
 .text.USBD_LL_OpenEP
                0x000000000800a886       0x4c USB_DEVICE/Target/usbd_conf.o
                0x000000000800a886                USBD_LL_OpenEP
 .text.USBD_LL_CloseEP
                0x000000000800a8d2       0x3e USB_DEVICE/Target/usbd_conf.o
                0x000000000800a8d2                USBD_LL_CloseEP
 .text.USBD_LL_StallEP
                0x000000000800a910       0x3e USB_DEVICE/Target/usbd_conf.o
                0x000000000800a910                USBD_LL_StallEP
 .text.USBD_LL_ClearStallEP
                0x000000000800a94e       0x3e USB_DEVICE/Target/usbd_conf.o
                0x000000000800a94e                USBD_LL_ClearStallEP
 .text.USBD_LL_IsStallEP
                0x000000000800a98c       0x58 USB_DEVICE/Target/usbd_conf.o
                0x000000000800a98c                USBD_LL_IsStallEP
 .text.USBD_LL_SetUSBAddress
                0x000000000800a9e4       0x3e USB_DEVICE/Target/usbd_conf.o
                0x000000000800a9e4                USBD_LL_SetUSBAddress
 .text.USBD_LL_Transmit
                0x000000000800aa22       0x46 USB_DEVICE/Target/usbd_conf.o
                0x000000000800aa22                USBD_LL_Transmit
 .text.USBD_LL_PrepareReceive
                0x000000000800aa68       0x46 USB_DEVICE/Target/usbd_conf.o
                0x000000000800aa68                USBD_LL_PrepareReceive
 .text.USBD_LL_GetRxDataSize
                0x000000000800aaae       0x26 USB_DEVICE/Target/usbd_conf.o
                0x000000000800aaae                USBD_LL_GetRxDataSize
 .text.USBD_static_malloc
                0x000000000800aad4       0x18 USB_DEVICE/Target/usbd_conf.o
                0x000000000800aad4                USBD_static_malloc
 .text.USBD_static_free
                0x000000000800aaec       0x12 USB_DEVICE/Target/usbd_conf.o
                0x000000000800aaec                USBD_static_free
 .text.HAL_PCDEx_SetConnectionState
                0x000000000800aafe       0x16 USB_DEVICE/Target/usbd_conf.o
                0x000000000800aafe                HAL_PCDEx_SetConnectionState
 .text.USBD_Get_USB_Status
                0x000000000800ab14       0x58 USB_DEVICE/Target/usbd_conf.o
 .text.__errno  0x000000000800ab6c        0xc c:/st/stm32cubeide_1.5.1/stm32cubeide/plugins/com.st.stm32cube.ide.mcu.externaltools.gnu-tools-for-stm32.9-2020-q2-update.win32_1.5.0.202011040924/tools/bin/../lib/gcc/arm-none-eabi/9.3.1/../../../../arm-none-eabi/lib/thumb/v7-m/nofp\libc_nano.a(lib_a-errno.o)
                0x000000000800ab6c                __errno
 .text.__libc_init_array
                0x000000000800ab78       0x48 c:/st/stm32cubeide_1.5.1/stm32cubeide/plugins/com.st.stm32cube.ide.mcu.externaltools.gnu-tools-for-stm32.9-2020-q2-update.win32_1.5.0.202011040924/tools/bin/../lib/gcc/arm-none-eabi/9.3.1/../../../../arm-none-eabi/lib/thumb/v7-m/nofp\libc_nano.a(lib_a-init.o)
                0x000000000800ab78                __libc_init_array
 .text.memcpy   0x000000000800abc0       0x1c c:/st/stm32cubeide_1.5.1/stm32cubeide/plugins/com.st.stm32cube.ide.mcu.externaltools.gnu-tools-for-stm32.9-2020-q2-update.win32_1.5.0.202011040924/tools/bin/../lib/gcc/arm-none-eabi/9.3.1/../../../../arm-none-eabi/lib/thumb/v7-m/nofp\libc_nano.a(lib_a-memcpy-stub.o)
                0x000000000800abc0                memcpy
 .text.memset   0x000000000800abdc       0x10 c:/st/stm32cubeide_1.5.1/stm32cubeide/plugins/com.st.stm32cube.ide.mcu.externaltools.gnu-tools-for-stm32.9-2020-q2-update.win32_1.5.0.202011040924/tools/bin/../lib/gcc/arm-none-eabi/9.3.1/../../../../arm-none-eabi/lib/thumb/v7-m/nofp\libc_nano.a(lib_a-memset.o)
                0x000000000800abdc                memset
 *fill*         0x000000000800abec        0x4 
 .text.atan     0x000000000800abf0      0x314 c:/st/stm32cubeide_1.5.1/stm32cubeide/plugins/com.st.stm32cube.ide.mcu.externaltools.gnu-tools-for-stm32.9-2020-q2-update.win32_1.5.0.202011040924/tools/bin/../lib/gcc/arm-none-eabi/9.3.1/../../../../arm-none-eabi/lib/thumb/v7-m/nofp\libm.a(lib_a-s_atan.o)
                0x000000000800abf0                atan
 .text.fabs     0x000000000800af04        0x6 c:/st/stm32cubeide_1.5.1/stm32cubeide/plugins/com.st.stm32cube.ide.mcu.externaltools.gnu-tools-for-stm32.9-2020-q2-update.win32_1.5.0.202011040924/tools/bin/../lib/gcc/arm-none-eabi/9.3.1/../../../../arm-none-eabi/lib/thumb/v7-m/nofp\libm.a(lib_a-s_fabs.o)
                0x000000000800af04                fabs
 *fill*         0x000000000800af0a        0x2 
 .text.pow      0x000000000800af0c      0x158 c:/st/stm32cubeide_1.5.1/stm32cubeide/plugins/com.st.stm32cube.ide.mcu.externaltools.gnu-tools-for-stm32.9-2020-q2-update.win32_1.5.0.202011040924/tools/bin/../lib/gcc/arm-none-eabi/9.3.1/../../../../arm-none-eabi/lib/thumb/v7-m/nofp\libm.a(lib_a-w_pow.o)
                0x000000000800af0c                pow
 .text.sqrt     0x000000000800b064       0x58 c:/st/stm32cubeide_1.5.1/stm32cubeide/plugins/com.st.stm32cube.ide.mcu.externaltools.gnu-tools-for-stm32.9-2020-q2-update.win32_1.5.0.202011040924/tools/bin/../lib/gcc/arm-none-eabi/9.3.1/../../../../arm-none-eabi/lib/thumb/v7-m/nofp\libm.a(lib_a-w_sqrt.o)
                0x000000000800b064                sqrt
 *fill*         0x000000000800b0bc        0x4 
 .text.__ieee754_pow
                0x000000000800b0c0      0xa2c c:/st/stm32cubeide_1.5.1/stm32cubeide/plugins/com.st.stm32cube.ide.mcu.externaltools.gnu-tools-for-stm32.9-2020-q2-update.win32_1.5.0.202011040924/tools/bin/../lib/gcc/arm-none-eabi/9.3.1/../../../../arm-none-eabi/lib/thumb/v7-m/nofp\libm.a(lib_a-e_pow.o)
                0x000000000800b0c0                __ieee754_pow
 .text.__ieee754_sqrt
                0x000000000800baec      0x158 c:/st/stm32cubeide_1.5.1/stm32cubeide/plugins/com.st.stm32cube.ide.mcu.externaltools.gnu-tools-for-stm32.9-2020-q2-update.win32_1.5.0.202011040924/tools/bin/../lib/gcc/arm-none-eabi/9.3.1/../../../../arm-none-eabi/lib/thumb/v7-m/nofp\libm.a(lib_a-e_sqrt.o)
                0x000000000800baec                __ieee754_sqrt
 .text.finite   0x000000000800bc44        0xc c:/st/stm32cubeide_1.5.1/stm32cubeide/plugins/com.st.stm32cube.ide.mcu.externaltools.gnu-tools-for-stm32.9-2020-q2-update.win32_1.5.0.202011040924/tools/bin/../lib/gcc/arm-none-eabi/9.3.1/../../../../arm-none-eabi/lib/thumb/v7-m/nofp\libm.a(lib_a-s_finite.o)
                0x000000000800bc44                finite
 .text.nan      0x000000000800bc50        0xc c:/st/stm32cubeide_1.5.1/stm32cubeide/plugins/com.st.stm32cube.ide.mcu.externaltools.gnu-tools-for-stm32.9-2020-q2-update.win32_1.5.0.202011040924/tools/bin/../lib/gcc/arm-none-eabi/9.3.1/../../../../arm-none-eabi/lib/thumb/v7-m/nofp\libm.a(lib_a-s_nan.o)
                0x000000000800bc50                nan
 .text.rint     0x000000000800bc5c      0x114 c:/st/stm32cubeide_1.5.1/stm32cubeide/plugins/com.st.stm32cube.ide.mcu.externaltools.gnu-tools-for-stm32.9-2020-q2-update.win32_1.5.0.202011040924/tools/bin/../lib/gcc/arm-none-eabi/9.3.1/../../../../arm-none-eabi/lib/thumb/v7-m/nofp\libm.a(lib_a-s_rint.o)
                0x000000000800bc5c                rint
 .text.scalbn   0x000000000800bd70      0x10c c:/st/stm32cubeide_1.5.1/stm32cubeide/plugins/com.st.stm32cube.ide.mcu.externaltools.gnu-tools-for-stm32.9-2020-q2-update.win32_1.5.0.202011040924/tools/bin/../lib/gcc/arm-none-eabi/9.3.1/../../../../arm-none-eabi/lib/thumb/v7-m/nofp\libm.a(lib_a-s_scalbn.o)
                0x000000000800bd70                scalbn
 *(.glue_7)
 .glue_7        0x000000000800be7c        0x0 linker stubs
 *(.glue_7t)
 .glue_7t       0x000000000800be7c        0x0 linker stubs
 *(.eh_frame)
 .eh_frame      0x000000000800be7c        0x0 c:/st/stm32cubeide_1.5.1/stm32cubeide/plugins/com.st.stm32cube.ide.mcu.externaltools.gnu-tools-for-stm32.9-2020-q2-update.win32_1.5.0.202011040924/tools/bin/../lib/gcc/arm-none-eabi/9.3.1/thumb/v7-m/nofp/crtbegin.o
 *(.init)
 .init          0x000000000800be7c        0x4 c:/st/stm32cubeide_1.5.1/stm32cubeide/plugins/com.st.stm32cube.ide.mcu.externaltools.gnu-tools-for-stm32.9-2020-q2-update.win32_1.5.0.202011040924/tools/bin/../lib/gcc/arm-none-eabi/9.3.1/thumb/v7-m/nofp/crti.o
                0x000000000800be7c                _init
 .init          0x000000000800be80        0x8 c:/st/stm32cubeide_1.5.1/stm32cubeide/plugins/com.st.stm32cube.ide.mcu.externaltools.gnu-tools-for-stm32.9-2020-q2-update.win32_1.5.0.202011040924/tools/bin/../lib/gcc/arm-none-eabi/9.3.1/thumb/v7-m/nofp/crtn.o
 *(.fini)
 .fini          0x000000000800be88        0x4 c:/st/stm32cubeide_1.5.1/stm32cubeide/plugins/com.st.stm32cube.ide.mcu.externaltools.gnu-tools-for-stm32.9-2020-q2-update.win32_1.5.0.202011040924/tools/bin/../lib/gcc/arm-none-eabi/9.3.1/thumb/v7-m/nofp/crti.o
                0x000000000800be88                _fini
 .fini          0x000000000800be8c        0x8 c:/st/stm32cubeide_1.5.1/stm32cubeide/plugins/com.st.stm32cube.ide.mcu.externaltools.gnu-tools-for-stm32.9-2020-q2-update.win32_1.5.0.202011040924/tools/bin/../lib/gcc/arm-none-eabi/9.3.1/thumb/v7-m/nofp/crtn.o
                0x000000000800be94                . = ALIGN (0x4)
                0x000000000800be94                _etext = .

.vfp11_veneer   0x000000000800be94        0x0
 .vfp11_veneer  0x000000000800be94        0x0 linker stubs

.v4_bx          0x000000000800be94        0x0
 .v4_bx         0x000000000800be94        0x0 linker stubs

.iplt           0x000000000800be94        0x0
 .iplt          0x000000000800be94        0x0 c:/st/stm32cubeide_1.5.1/stm32cubeide/plugins/com.st.stm32cube.ide.mcu.externaltools.gnu-tools-for-stm32.9-2020-q2-update.win32_1.5.0.202011040924/tools/bin/../lib/gcc/arm-none-eabi/9.3.1/thumb/v7-m/nofp/crtbegin.o

.rodata         0x000000000800be98      0x108
                0x000000000800be98                . = ALIGN (0x4)
 *(.rodata)
 .rodata        0x000000000800be98       0x10 Drivers/STM32F1xx_HAL_Driver/Src/stm32f1xx_hal_rcc.o
 .rodata        0x000000000800bea8       0x10 Drivers/STM32F1xx_HAL_Driver/Src/stm32f1xx_hal_rcc_ex.o
 .rodata        0x000000000800beb8       0x42 USB_DEVICE/App/usbd_desc.o
 *(.rodata*)
 *fill*         0x000000000800befa        0x2 
 .rodata.AHBPrescTable
                0x000000000800befc       0x10 Core/Src/system_stm32f1xx.o
                0x000000000800befc                AHBPrescTable
 .rodata.APBPrescTable
                0x000000000800bf0c        0x8 Core/Src/system_stm32f1xx.o
                0x000000000800bf0c                APBPrescTable
 *fill*         0x000000000800bf14        0x4 
 .rodata.atanhi
                0x000000000800bf18       0x20 c:/st/stm32cubeide_1.5.1/stm32cubeide/plugins/com.st.stm32cube.ide.mcu.externaltools.gnu-tools-for-stm32.9-2020-q2-update.win32_1.5.0.202011040924/tools/bin/../lib/gcc/arm-none-eabi/9.3.1/../../../../arm-none-eabi/lib/thumb/v7-m/nofp\libm.a(lib_a-s_atan.o)
 .rodata.atanlo
                0x000000000800bf38       0x20 c:/st/stm32cubeide_1.5.1/stm32cubeide/plugins/com.st.stm32cube.ide.mcu.externaltools.gnu-tools-for-stm32.9-2020-q2-update.win32_1.5.0.202011040924/tools/bin/../lib/gcc/arm-none-eabi/9.3.1/../../../../arm-none-eabi/lib/thumb/v7-m/nofp\libm.a(lib_a-s_atan.o)
 .rodata.__ieee754_pow.str1.1
                0x000000000800bf58        0x1 c:/st/stm32cubeide_1.5.1/stm32cubeide/plugins/com.st.stm32cube.ide.mcu.externaltools.gnu-tools-for-stm32.9-2020-q2-update.win32_1.5.0.202011040924/tools/bin/../lib/gcc/arm-none-eabi/9.3.1/../../../../arm-none-eabi/lib/thumb/v7-m/nofp\libm.a(lib_a-e_pow.o)
 *fill*         0x000000000800bf59        0x7 
 .rodata.bp     0x000000000800bf60       0x10 c:/st/stm32cubeide_1.5.1/stm32cubeide/plugins/com.st.stm32cube.ide.mcu.externaltools.gnu-tools-for-stm32.9-2020-q2-update.win32_1.5.0.202011040924/tools/bin/../lib/gcc/arm-none-eabi/9.3.1/../../../../arm-none-eabi/lib/thumb/v7-m/nofp\libm.a(lib_a-e_pow.o)
 .rodata.dp_h   0x000000000800bf70       0x10 c:/st/stm32cubeide_1.5.1/stm32cubeide/plugins/com.st.stm32cube.ide.mcu.externaltools.gnu-tools-for-stm32.9-2020-q2-update.win32_1.5.0.202011040924/tools/bin/../lib/gcc/arm-none-eabi/9.3.1/../../../../arm-none-eabi/lib/thumb/v7-m/nofp\libm.a(lib_a-e_pow.o)
 .rodata.dp_l   0x000000000800bf80       0x10 c:/st/stm32cubeide_1.5.1/stm32cubeide/plugins/com.st.stm32cube.ide.mcu.externaltools.gnu-tools-for-stm32.9-2020-q2-update.win32_1.5.0.202011040924/tools/bin/../lib/gcc/arm-none-eabi/9.3.1/../../../../arm-none-eabi/lib/thumb/v7-m/nofp\libm.a(lib_a-e_pow.o)
 .rodata.TWO52  0x000000000800bf90       0x10 c:/st/stm32cubeide_1.5.1/stm32cubeide/plugins/com.st.stm32cube.ide.mcu.externaltools.gnu-tools-for-stm32.9-2020-q2-update.win32_1.5.0.202011040924/tools/bin/../lib/gcc/arm-none-eabi/9.3.1/../../../../arm-none-eabi/lib/thumb/v7-m/nofp\libm.a(lib_a-s_rint.o)
                0x000000000800bfa0                . = ALIGN (0x4)

.rel.dyn        0x000000000800bfa0        0x0
 .rel.iplt      0x000000000800bfa0        0x0 c:/st/stm32cubeide_1.5.1/stm32cubeide/plugins/com.st.stm32cube.ide.mcu.externaltools.gnu-tools-for-stm32.9-2020-q2-update.win32_1.5.0.202011040924/tools/bin/../lib/gcc/arm-none-eabi/9.3.1/thumb/v7-m/nofp/crtbegin.o

.ARM.extab      0x000000000800bfa0        0x0
                0x000000000800bfa0                . = ALIGN (0x4)
 *(.ARM.extab* .gnu.linkonce.armextab.*)
                0x000000000800bfa0                . = ALIGN (0x4)

.ARM            0x000000000800bfa0        0x0
                0x000000000800bfa0                . = ALIGN (0x4)
                0x000000000800bfa0                __exidx_start = .
 *(.ARM.exidx*)
                0x000000000800bfa0                __exidx_end = .
                0x000000000800bfa0                . = ALIGN (0x4)

.preinit_array  0x000000000800bfa0        0x0
                0x000000000800bfa0                . = ALIGN (0x4)
                0x000000000800bfa0                PROVIDE (__preinit_array_start = .)
 *(.preinit_array*)
                0x000000000800bfa0                PROVIDE (__preinit_array_end = .)
                0x000000000800bfa0                . = ALIGN (0x4)

.init_array     0x000000000800bfa0        0x4
                0x000000000800bfa0                . = ALIGN (0x4)
                0x000000000800bfa0                PROVIDE (__init_array_start = .)
 *(SORT_BY_NAME(.init_array.*))
 *(.init_array*)
 .init_array    0x000000000800bfa0        0x4 c:/st/stm32cubeide_1.5.1/stm32cubeide/plugins/com.st.stm32cube.ide.mcu.externaltools.gnu-tools-for-stm32.9-2020-q2-update.win32_1.5.0.202011040924/tools/bin/../lib/gcc/arm-none-eabi/9.3.1/thumb/v7-m/nofp/crtbegin.o
                0x000000000800bfa4                PROVIDE (__init_array_end = .)
                0x000000000800bfa4                . = ALIGN (0x4)

.fini_array     0x000000000800bfa4        0x4
                0x000000000800bfa4                . = ALIGN (0x4)
                [!provide]                        PROVIDE (__fini_array_start = .)
 *(SORT_BY_NAME(.fini_array.*))
 *(.fini_array*)
 .fini_array    0x000000000800bfa4        0x4 c:/st/stm32cubeide_1.5.1/stm32cubeide/plugins/com.st.stm32cube.ide.mcu.externaltools.gnu-tools-for-stm32.9-2020-q2-update.win32_1.5.0.202011040924/tools/bin/../lib/gcc/arm-none-eabi/9.3.1/thumb/v7-m/nofp/crtbegin.o
                [!provide]                        PROVIDE (__fini_array_end = .)
                0x000000000800bfa8                . = ALIGN (0x4)
                0x000000000800bfa8                _sidata = LOADADDR (.data)

.data           0x0000000020000000      0x260 load address 0x000000000800bfa8
                0x0000000020000000                . = ALIGN (0x4)
                0x0000000020000000                _sdata = .
 *(.data)
 *(.data*)
 .data.packet_header_s1_char
                0x0000000020000000        0x1 Core/Src/main.o
                0x0000000020000000                packet_header_s1_char
 .data.packet_header_s2_char
                0x0000000020000001        0x1 Core/Src/main.o
                0x0000000020000001                packet_header_s2_char
 .data.Motor1_Duty
                0x0000000020000002        0x2 Core/Src/main.o
                0x0000000020000002                Motor1_Duty
 .data.Motor2_Duty
                0x0000000020000004        0x2 Core/Src/main.o
                0x0000000020000004                Motor2_Duty
 .data.Motor3_Duty
                0x0000000020000006        0x2 Core/Src/main.o
                0x0000000020000006                Motor3_Duty
 .data.Motor4_Duty
                0x0000000020000008        0x2 Core/Src/main.o
                0x0000000020000008                Motor4_Duty
 *fill*         0x000000002000000a        0x2 
 .data.Barometer_altitude
                0x000000002000000c        0x4 Core/Src/main.o
                0x000000002000000c                Barometer_altitude
 .data.GPS_Lattitude
                0x0000000020000010        0x4 Core/Src/main.o
                0x0000000020000010                GPS_Lattitude
 .data.GPS_Longtitude
                0x0000000020000014        0x4 Core/Src/main.o
                0x0000000020000014                GPS_Longtitude
 .data.X_kp     0x0000000020000018        0x4 Core/Src/main.o
                0x0000000020000018                X_kp
 .data.X_ki     0x000000002000001c        0x4 Core/Src/main.o
                0x000000002000001c                X_ki
 .data.X_kd     0x0000000020000020        0x4 Core/Src/main.o
                0x0000000020000020                X_kd
 .data.Y_kp     0x0000000020000024        0x4 Core/Src/main.o
                0x0000000020000024                Y_kp
 .data.Y_ki     0x0000000020000028        0x4 Core/Src/main.o
                0x0000000020000028                Y_ki
 .data.Y_kd     0x000000002000002c        0x4 Core/Src/main.o
                0x000000002000002c                Y_kd
 .data.Z_kp     0x0000000020000030        0x4 Core/Src/main.o
                0x0000000020000030                Z_kp
 .data.Z_ki     0x0000000020000034        0x4 Core/Src/main.o
                0x0000000020000034                Z_ki
 .data.Z_kd     0x0000000020000038        0x4 Core/Src/main.o
                0x0000000020000038                Z_kd
 .data.gyroz    0x000000002000003c        0x4 Core/Src/main.o
                0x000000002000003c                gyroz
 .data.gyrox_error
                0x0000000020000040        0x4 Core/Src/main.o
                0x0000000020000040                gyrox_error
 .data.gyroy_error
                0x0000000020000044        0x4 Core/Src/main.o
                0x0000000020000044                gyroy_error
 .data.gyroz_error
                0x0000000020000048        0x4 Core/Src/main.o
                0x0000000020000048                gyroz_error
 .data.Pitch_integral_float
                0x000000002000004c        0x4 Core/Src/main.o
                0x000000002000004c                Pitch_integral_float
 .data.Roll_integral_float
                0x0000000020000050        0x4 Core/Src/main.o
                0x0000000020000050                Roll_integral_float
 .data.Yaw_integral_float
                0x0000000020000054        0x4 Core/Src/main.o
                0x0000000020000054                Yaw_integral_float
 .data.Pitch_ControlSignal_float
                0x0000000020000058        0x4 Core/Src/main.o
                0x0000000020000058                Pitch_ControlSignal_float
 .data.Roll_ControlSignal_float
                0x000000002000005c        0x4 Core/Src/main.o
                0x000000002000005c                Roll_ControlSignal_float
 .data.Yaw_ControlSignal_float
                0x0000000020000060        0x4 Core/Src/main.o
                0x0000000020000060                Yaw_ControlSignal_float
 .data.Heading_float
                0x0000000020000064        0x4 Core/Src/main.o
                0x0000000020000064                Heading_float
 .data.Altitude_ControlSignal_float
                0x0000000020000068        0x4 Core/Src/main.o
                0x0000000020000068                Altitude_ControlSignal_float
 .data.Altitude_integral_float
                0x000000002000006c        0x4 Core/Src/main.o
                0x000000002000006c                Altitude_integral_float
 .data.KumandaOnOff
                0x0000000020000070        0x2 Core/Src/main.o
                0x0000000020000070                KumandaOnOff
 .data.KumandaFailsafe
                0x0000000020000072        0x2 Core/Src/main.o
                0x0000000020000072                KumandaFailsafe
 .data.Error_Flag_Buffer2
                0x0000000020000074        0x4 Core/Src/main.o
                0x0000000020000074                Error_Flag_Buffer2
 .data.Error_Flag_Buffer3
                0x0000000020000078        0x4 Core/Src/main.o
                0x0000000020000078                Error_Flag_Buffer3
 .data.SystemCoreClock
                0x000000002000007c        0x4 Core/Src/system_stm32f1xx.o
                0x000000002000007c                SystemCoreClock
 .data.uwTickPrio
                0x0000000020000080        0x4 Drivers/STM32F1xx_HAL_Driver/Src/stm32f1xx_hal.o
                0x0000000020000080                uwTickPrio
 .data.uwTickFreq
                0x0000000020000084        0x1 Drivers/STM32F1xx_HAL_Driver/Src/stm32f1xx_hal.o
                0x0000000020000084                uwTickFreq
 *fill*         0x0000000020000085        0x3 
 .data.USBD_CDC_DeviceQualifierDesc
                0x0000000020000088        0xa Middlewares/ST/STM32_USB_Device_Library/Class/CDC/Src/usbd_cdc.o
 *fill*         0x0000000020000092        0x2 
 .data.USBD_CDC
                0x0000000020000094       0x38 Middlewares/ST/STM32_USB_Device_Library/Class/CDC/Src/usbd_cdc.o
                0x0000000020000094                USBD_CDC
 .data.USBD_CDC_CfgHSDesc
                0x00000000200000cc       0x43 Middlewares/ST/STM32_USB_Device_Library/Class/CDC/Src/usbd_cdc.o
                0x00000000200000cc                USBD_CDC_CfgHSDesc
 *fill*         0x000000002000010f        0x1 
 .data.USBD_CDC_CfgFSDesc
                0x0000000020000110       0x43 Middlewares/ST/STM32_USB_Device_Library/Class/CDC/Src/usbd_cdc.o
                0x0000000020000110                USBD_CDC_CfgFSDesc
 *fill*         0x0000000020000153        0x1 
 .data.USBD_CDC_OtherSpeedCfgDesc
                0x0000000020000154       0x43 Middlewares/ST/STM32_USB_Device_Library/Class/CDC/Src/usbd_cdc.o
                0x0000000020000154                USBD_CDC_OtherSpeedCfgDesc
 *fill*         0x0000000020000197        0x1 
 .data.USBD_Interface_fops_FS
                0x0000000020000198       0x10 USB_DEVICE/App/usbd_cdc_if.o
                0x0000000020000198                USBD_Interface_fops_FS
 .data.FS_Desc  0x00000000200001a8       0x1c USB_DEVICE/App/usbd_desc.o
                0x00000000200001a8                FS_Desc
 .data.USBD_FS_DeviceDesc
                0x00000000200001c4       0x12 USB_DEVICE/App/usbd_desc.o
                0x00000000200001c4                USBD_FS_DeviceDesc
 *fill*         0x00000000200001d6        0x2 
 .data.USBD_LangIDDesc
                0x00000000200001d8        0x4 USB_DEVICE/App/usbd_desc.o
                0x00000000200001d8                USBD_LangIDDesc
 .data.USBD_StringSerial
                0x00000000200001dc       0x1a USB_DEVICE/App/usbd_desc.o
                0x00000000200001dc                USBD_StringSerial
 *fill*         0x00000000200001f6        0x2 
 .data._impure_ptr
                0x00000000200001f8        0x4 c:/st/stm32cubeide_1.5.1/stm32cubeide/plugins/com.st.stm32cube.ide.mcu.externaltools.gnu-tools-for-stm32.9-2020-q2-update.win32_1.5.0.202011040924/tools/bin/../lib/gcc/arm-none-eabi/9.3.1/../../../../arm-none-eabi/lib/thumb/v7-m/nofp\libc_nano.a(lib_a-impure.o)
                0x00000000200001f8                _impure_ptr
 .data.impure_data
                0x00000000200001fc       0x60 c:/st/stm32cubeide_1.5.1/stm32cubeide/plugins/com.st.stm32cube.ide.mcu.externaltools.gnu-tools-for-stm32.9-2020-q2-update.win32_1.5.0.202011040924/tools/bin/../lib/gcc/arm-none-eabi/9.3.1/../../../../arm-none-eabi/lib/thumb/v7-m/nofp\libc_nano.a(lib_a-impure.o)
 .data.__fdlib_version
                0x000000002000025c        0x1 c:/st/stm32cubeide_1.5.1/stm32cubeide/plugins/com.st.stm32cube.ide.mcu.externaltools.gnu-tools-for-stm32.9-2020-q2-update.win32_1.5.0.202011040924/tools/bin/../lib/gcc/arm-none-eabi/9.3.1/../../../../arm-none-eabi/lib/thumb/v7-m/nofp\libm.a(lib_a-s_lib_ver.o)
                0x000000002000025c                __fdlib_version
 *(.RamFunc)
 *(.RamFunc*)
                0x0000000020000260                . = ALIGN (0x4)
 *fill*         0x000000002000025d        0x3 
                0x0000000020000260                _edata = .

.igot.plt       0x0000000020000260        0x0 load address 0x000000000800c208
 .igot.plt      0x0000000020000260        0x0 c:/st/stm32cubeide_1.5.1/stm32cubeide/plugins/com.st.stm32cube.ide.mcu.externaltools.gnu-tools-for-stm32.9-2020-q2-update.win32_1.5.0.202011040924/tools/bin/../lib/gcc/arm-none-eabi/9.3.1/thumb/v7-m/nofp/crtbegin.o
                0x0000000020000260                . = ALIGN (0x4)

.bss            0x0000000020000260     0x1524 load address 0x000000000800c208
                0x0000000020000260                _sbss = .
                0x0000000020000260                __bss_start__ = _sbss
 *(.bss)
 .bss           0x0000000020000260       0x1c c:/st/stm32cubeide_1.5.1/stm32cubeide/plugins/com.st.stm32cube.ide.mcu.externaltools.gnu-tools-for-stm32.9-2020-q2-update.win32_1.5.0.202011040924/tools/bin/../lib/gcc/arm-none-eabi/9.3.1/thumb/v7-m/nofp/crtbegin.o
 *(.bss*)
 .bss.packet_header_end_char
                0x000000002000027c        0x1 Core/Src/main.o
                0x000000002000027c                packet_header_end_char
 *fill*         0x000000002000027d        0x3 
 .bss.tx_Send_OnePacket
                0x0000000020000280       0x7d Core/Src/main.o
                0x0000000020000280                tx_Send_OnePacket
 *fill*         0x00000000200002fd        0x1 
 .bss.Error_Flag
                0x00000000200002fe        0x2 Core/Src/main.o
                0x00000000200002fe                Error_Flag
 .bss.Error_Flag_Buffer1
                0x0000000020000300        0x4 Core/Src/main.o
                0x0000000020000300                Error_Flag_Buffer1
 .bss.sayac     0x0000000020000304        0x1 Core/Src/main.o
                0x0000000020000304                sayac
 *fill*         0x0000000020000305        0x1 
 .bss.Accel_X_RAW
                0x0000000020000306        0x2 Core/Src/main.o
                0x0000000020000306                Accel_X_RAW
 .bss.Accel_Y_RAW
                0x0000000020000308        0x2 Core/Src/main.o
                0x0000000020000308                Accel_Y_RAW
 .bss.Accel_Z_RAW
                0x000000002000030a        0x2 Core/Src/main.o
                0x000000002000030a                Accel_Z_RAW
 .bss.Gyro_X_RAW
                0x000000002000030c        0x2 Core/Src/main.o
                0x000000002000030c                Gyro_X_RAW
 .bss.Gyro_Y_RAW
                0x000000002000030e        0x2 Core/Src/main.o
                0x000000002000030e                Gyro_Y_RAW
 .bss.Gyro_Z_RAW
                0x0000000020000310        0x2 Core/Src/main.o
                0x0000000020000310                Gyro_Z_RAW
 *fill*         0x0000000020000312        0x2 
 .bss.error_flag
                0x0000000020000314        0x4 Core/Src/main.o
                0x0000000020000314                error_flag
 .bss.cfgidx.8602
                0x0000000020000318        0x1 Middlewares/ST/STM32_USB_Device_Library/Core/Src/usbd_ctlreq.o
 *fill*         0x0000000020000319        0x3 
 .bss.mem.8672  0x000000002000031c      0x220 USB_DEVICE/Target/usbd_conf.o
 *(COMMON)
 *fill*         0x000000002000053c        0x4 
 COMMON         0x0000000020000540      0x2c0 Core/Src/main.o
                0x0000000020000540                elapsedtime2
                0x0000000020000544                Gx
                0x0000000020000548                gyro_raw
                0x0000000020000550                Pitch_ControlSignal
                0x0000000020000554                ComplementaryFAnglePitch
                0x0000000020000558                otogpslng1
                0x0000000020000560                angle_pitch
                0x0000000020000564                CFilterRoll
                0x0000000020000568                Dronekomut_dizi_float
                0x000000002000056c                angle_pitch_acc
                0x0000000020000570                otolng1
                0x0000000020000578                otolat1
                0x0000000020000580                gyroz_errorbytes
                0x0000000020000584                gyro_cal
                0x0000000020000590                hi2c1
                0x00000000200005e4                gyro_xbytes
                0x00000000200005e8                Z_kpbytes
                0x00000000200005ec                X_kpbytes
                0x00000000200005f0                saniye
                0x00000000200005f4                cuffer
                0x00000000200005fc                recy_kpbytes
                0x0000000020000600                silbuton
                0x0000000020000604                acc_raw
                0x000000002000060c                prevtime
                0x0000000020000610                temp
                0x0000000020000614                angle_roll
                0x0000000020000618                gyroy_errorbytes
                0x000000002000061c                Yaw_intgral
                0x0000000020000620                recy_kibytes
                0x0000000020000624                Ay
                0x0000000020000628                prevtime2
                0x000000002000062c                gyro_zbytes
                0x0000000020000630                rx_buffer
                0x00000000200006b0                Gy
                0x00000000200006b4                gyrox_errorbytes
                0x00000000200006b8                Pitch_Accelometer
                0x00000000200006bc                recx_kibytes
                0x00000000200006c0                Altitude_ControlSignal
                0x00000000200006c4                saat
                0x00000000200006c8                X_kibytes
                0x00000000200006cc                Y_kibytes
                0x00000000200006d0                buffer
                0x00000000200006d4                Roll_ControlSignal
                0x00000000200006d8                Pitch_intgral
                0x00000000200006dc                time1
                0x00000000200006e0                recx_kdbytes
                0x00000000200006e4                tuffer
                0x00000000200006ec                angle_pitch_gyro
                0x00000000200006f0                recz_kpbytes
                0x00000000200006f8                temp_oto
                0x0000000020000700                Y_kpbytes
                0x0000000020000704                hrtc
                0x0000000020000718                Y_kdbytes
                0x000000002000071c                set_gyro
                0x0000000020000720                Ax
                0x0000000020000724                data
                0x0000000020000728                recy_kdbytes
                0x000000002000072c                recz_kibytes
                0x0000000020000730                Roll_intgral
                0x0000000020000734                acc_total_vector
                0x0000000020000738                X_kdbytes
                0x000000002000073c                Altitude_integral
                0x0000000020000740                Z_kibytes
                0x0000000020000744                elapsedtime1
                0x0000000020000748                recz_kdbytes
                0x000000002000074c                Z_kdbytes
                0x0000000020000750                ComplementaryFAngleRoll
                0x0000000020000754                Az
                0x0000000020000758                Roll_Accelometer
                0x000000002000075c                DroneKontrol_Dizi
                0x0000000020000760                CFilterPitch
                0x0000000020000764                button_valueon
                0x0000000020000768                htim2
                0x00000000200007b0                button_valuesol
                0x00000000200007b4                Yaw_ControlSignal
                0x00000000200007b8                button_valuesag
                0x00000000200007c0                otogpslat1
                0x00000000200007c8                angle_roll_gyro
                0x00000000200007cc                angle_roll_acc
                0x00000000200007d0                Barometer_Altitude
                0x00000000200007d4                button_valuearka
                0x00000000200007d8                gyro_ybytes
                0x00000000200007dc                prevtime1
                0x00000000200007e0                gyrox
                0x00000000200007e4                raw_temp
                0x00000000200007e8                time2
                0x00000000200007ec                Gz
                0x00000000200007f0                Elapsedtime
                0x00000000200007f4                recx_kpbytes
                0x00000000200007f8                Heading
                0x00000000200007fc                gyroy
 COMMON         0x0000000020000800        0x4 Drivers/STM32F1xx_HAL_Driver/Src/stm32f1xx_hal.o
                0x0000000020000800                uwTick
 COMMON         0x0000000020000804      0x2c4 USB_DEVICE/App/usb_device.o
                0x0000000020000804                hUsbDeviceFS
 COMMON         0x0000000020000ac8      0x7d0 USB_DEVICE/App/usbd_cdc_if.o
                0x0000000020000ac8                UserRxBufferFS
                0x0000000020000eb0                UserTxBufferFS
 COMMON         0x0000000020001298      0x200 USB_DEVICE/App/usbd_desc.o
                0x0000000020001298                USBD_StrDesc
 COMMON         0x0000000020001498      0x2ec USB_DEVICE/Target/usbd_conf.o
                0x0000000020001498                hpcd_USB_FS
                0x0000000020001784                . = ALIGN (0x4)
                0x0000000020001784                _ebss = .
                0x0000000020001784                __bss_end__ = _ebss

._user_heap_stack
                0x0000000020001784      0x604 load address 0x000000000800c208
                0x0000000020001788                . = ALIGN (0x8)
 *fill*         0x0000000020001784        0x4 
                [!provide]                        PROVIDE (end = .)
                0x0000000020001788                PROVIDE (_end = .)
                0x0000000020001988                . = (. + _Min_Heap_Size)
 *fill*         0x0000000020001788      0x200 
                0x0000000020001d88                . = (. + _Min_Stack_Size)
 *fill*         0x0000000020001988      0x400 
                0x0000000020001d88                . = ALIGN (0x8)

/DISCARD/
 libc.a(*)
 libm.a(*)
 libgcc.a(*)

.ARM.attributes
                0x0000000000000000       0x29
 *(.ARM.attributes)
 .ARM.attributes
                0x0000000000000000       0x1d c:/st/stm32cubeide_1.5.1/stm32cubeide/plugins/com.st.stm32cube.ide.mcu.externaltools.gnu-tools-for-stm32.9-2020-q2-update.win32_1.5.0.202011040924/tools/bin/../lib/gcc/arm-none-eabi/9.3.1/thumb/v7-m/nofp/crti.o
 .ARM.attributes
                0x000000000000001d       0x2d c:/st/stm32cubeide_1.5.1/stm32cubeide/plugins/com.st.stm32cube.ide.mcu.externaltools.gnu-tools-for-stm32.9-2020-q2-update.win32_1.5.0.202011040924/tools/bin/../lib/gcc/arm-none-eabi/9.3.1/thumb/v7-m/nofp/crtbegin.o
 .ARM.attributes
                0x000000000000004a       0x2d Core/Src/main.o
 .ARM.attributes
                0x0000000000000077       0x2d Core/Src/stm32f1xx_hal_msp.o
 .ARM.attributes
                0x00000000000000a4       0x2d Core/Src/stm32f1xx_it.o
 .ARM.attributes
                0x00000000000000d1       0x2d Core/Src/system_stm32f1xx.o
 .ARM.attributes
                0x00000000000000fe       0x21 Core/Startup/startup_stm32f103c8tx.o
 .ARM.attributes
                0x000000000000011f       0x2d Drivers/STM32F1xx_HAL_Driver/Src/stm32f1xx_hal.o
 .ARM.attributes
                0x000000000000014c       0x2d Drivers/STM32F1xx_HAL_Driver/Src/stm32f1xx_hal_cortex.o
 .ARM.attributes
                0x0000000000000179       0x2d Drivers/STM32F1xx_HAL_Driver/Src/stm32f1xx_hal_gpio.o
 .ARM.attributes
                0x00000000000001a6       0x2d Drivers/STM32F1xx_HAL_Driver/Src/stm32f1xx_hal_i2c.o
 .ARM.attributes
                0x00000000000001d3       0x2d Drivers/STM32F1xx_HAL_Driver/Src/stm32f1xx_hal_pcd.o
 .ARM.attributes
                0x0000000000000200       0x2d Drivers/STM32F1xx_HAL_Driver/Src/stm32f1xx_hal_pcd_ex.o
 .ARM.attributes
                0x000000000000022d       0x2d Drivers/STM32F1xx_HAL_Driver/Src/stm32f1xx_hal_pwr.o
 .ARM.attributes
                0x000000000000025a       0x2d Drivers/STM32F1xx_HAL_Driver/Src/stm32f1xx_hal_rcc.o
 .ARM.attributes
                0x0000000000000287       0x2d Drivers/STM32F1xx_HAL_Driver/Src/stm32f1xx_hal_rcc_ex.o
 .ARM.attributes
                0x00000000000002b4       0x2d Drivers/STM32F1xx_HAL_Driver/Src/stm32f1xx_hal_rtc.o
 .ARM.attributes
                0x00000000000002e1       0x2d Drivers/STM32F1xx_HAL_Driver/Src/stm32f1xx_hal_tim.o
 .ARM.attributes
                0x000000000000030e       0x2d Drivers/STM32F1xx_HAL_Driver/Src/stm32f1xx_hal_tim_ex.o
 .ARM.attributes
                0x000000000000033b       0x2d Drivers/STM32F1xx_HAL_Driver/Src/stm32f1xx_ll_usb.o
 .ARM.attributes
                0x0000000000000368       0x2d Middlewares/ST/STM32_USB_Device_Library/Class/CDC/Src/usbd_cdc.o
 .ARM.attributes
                0x0000000000000395       0x2d Middlewares/ST/STM32_USB_Device_Library/Core/Src/usbd_core.o
 .ARM.attributes
                0x00000000000003c2       0x2d Middlewares/ST/STM32_USB_Device_Library/Core/Src/usbd_ctlreq.o
 .ARM.attributes
                0x00000000000003ef       0x2d Middlewares/ST/STM32_USB_Device_Library/Core/Src/usbd_ioreq.o
 .ARM.attributes
                0x000000000000041c       0x2d USB_DEVICE/App/usb_device.o
 .ARM.attributes
                0x0000000000000449       0x2d USB_DEVICE/App/usbd_cdc_if.o
 .ARM.attributes
                0x0000000000000476       0x2d USB_DEVICE/App/usbd_desc.o
 .ARM.attributes
                0x00000000000004a3       0x2d USB_DEVICE/Target/usbd_conf.o
 .ARM.attributes
                0x00000000000004d0       0x2d c:/st/stm32cubeide_1.5.1/stm32cubeide/plugins/com.st.stm32cube.ide.mcu.externaltools.gnu-tools-for-stm32.9-2020-q2-update.win32_1.5.0.202011040924/tools/bin/../lib/gcc/arm-none-eabi/9.3.1/../../../../arm-none-eabi/lib/thumb/v7-m/nofp\libc_nano.a(lib_a-errno.o)
 .ARM.attributes
                0x00000000000004fd       0x2d c:/st/stm32cubeide_1.5.1/stm32cubeide/plugins/com.st.stm32cube.ide.mcu.externaltools.gnu-tools-for-stm32.9-2020-q2-update.win32_1.5.0.202011040924/tools/bin/../lib/gcc/arm-none-eabi/9.3.1/../../../../arm-none-eabi/lib/thumb/v7-m/nofp\libc_nano.a(lib_a-impure.o)
 .ARM.attributes
                0x000000000000052a       0x2d c:/st/stm32cubeide_1.5.1/stm32cubeide/plugins/com.st.stm32cube.ide.mcu.externaltools.gnu-tools-for-stm32.9-2020-q2-update.win32_1.5.0.202011040924/tools/bin/../lib/gcc/arm-none-eabi/9.3.1/../../../../arm-none-eabi/lib/thumb/v7-m/nofp\libc_nano.a(lib_a-init.o)
 .ARM.attributes
                0x0000000000000557       0x2d c:/st/stm32cubeide_1.5.1/stm32cubeide/plugins/com.st.stm32cube.ide.mcu.externaltools.gnu-tools-for-stm32.9-2020-q2-update.win32_1.5.0.202011040924/tools/bin/../lib/gcc/arm-none-eabi/9.3.1/../../../../arm-none-eabi/lib/thumb/v7-m/nofp\libc_nano.a(lib_a-memcpy-stub.o)
 .ARM.attributes
                0x0000000000000584       0x2d c:/st/stm32cubeide_1.5.1/stm32cubeide/plugins/com.st.stm32cube.ide.mcu.externaltools.gnu-tools-for-stm32.9-2020-q2-update.win32_1.5.0.202011040924/tools/bin/../lib/gcc/arm-none-eabi/9.3.1/../../../../arm-none-eabi/lib/thumb/v7-m/nofp\libc_nano.a(lib_a-memset.o)
 .ARM.attributes
                0x00000000000005b1       0x2d c:/st/stm32cubeide_1.5.1/stm32cubeide/plugins/com.st.stm32cube.ide.mcu.externaltools.gnu-tools-for-stm32.9-2020-q2-update.win32_1.5.0.202011040924/tools/bin/../lib/gcc/arm-none-eabi/9.3.1/../../../../arm-none-eabi/lib/thumb/v7-m/nofp\libm.a(lib_a-s_atan.o)
 .ARM.attributes
                0x00000000000005de       0x2d c:/st/stm32cubeide_1.5.1/stm32cubeide/plugins/com.st.stm32cube.ide.mcu.externaltools.gnu-tools-for-stm32.9-2020-q2-update.win32_1.5.0.202011040924/tools/bin/../lib/gcc/arm-none-eabi/9.3.1/../../../../arm-none-eabi/lib/thumb/v7-m/nofp\libm.a(lib_a-s_fabs.o)
 .ARM.attributes
                0x000000000000060b       0x2d c:/st/stm32cubeide_1.5.1/stm32cubeide/plugins/com.st.stm32cube.ide.mcu.externaltools.gnu-tools-for-stm32.9-2020-q2-update.win32_1.5.0.202011040924/tools/bin/../lib/gcc/arm-none-eabi/9.3.1/../../../../arm-none-eabi/lib/thumb/v7-m/nofp\libm.a(lib_a-w_pow.o)
 .ARM.attributes
                0x0000000000000638       0x2d c:/st/stm32cubeide_1.5.1/stm32cubeide/plugins/com.st.stm32cube.ide.mcu.externaltools.gnu-tools-for-stm32.9-2020-q2-update.win32_1.5.0.202011040924/tools/bin/../lib/gcc/arm-none-eabi/9.3.1/../../../../arm-none-eabi/lib/thumb/v7-m/nofp\libm.a(lib_a-w_sqrt.o)
 .ARM.attributes
                0x0000000000000665       0x2d c:/st/stm32cubeide_1.5.1/stm32cubeide/plugins/com.st.stm32cube.ide.mcu.externaltools.gnu-tools-for-stm32.9-2020-q2-update.win32_1.5.0.202011040924/tools/bin/../lib/gcc/arm-none-eabi/9.3.1/../../../../arm-none-eabi/lib/thumb/v7-m/nofp\libm.a(lib_a-e_pow.o)
 .ARM.attributes
                0x0000000000000692       0x2d c:/st/stm32cubeide_1.5.1/stm32cubeide/plugins/com.st.stm32cube.ide.mcu.externaltools.gnu-tools-for-stm32.9-2020-q2-update.win32_1.5.0.202011040924/tools/bin/../lib/gcc/arm-none-eabi/9.3.1/../../../../arm-none-eabi/lib/thumb/v7-m/nofp\libm.a(lib_a-e_sqrt.o)
 .ARM.attributes
                0x00000000000006bf       0x2d c:/st/stm32cubeide_1.5.1/stm32cubeide/plugins/com.st.stm32cube.ide.mcu.externaltools.gnu-tools-for-stm32.9-2020-q2-update.win32_1.5.0.202011040924/tools/bin/../lib/gcc/arm-none-eabi/9.3.1/../../../../arm-none-eabi/lib/thumb/v7-m/nofp\libm.a(lib_a-s_finite.o)
 .ARM.attributes
                0x00000000000006ec       0x2d c:/st/stm32cubeide_1.5.1/stm32cubeide/plugins/com.st.stm32cube.ide.mcu.externaltools.gnu-tools-for-stm32.9-2020-q2-update.win32_1.5.0.202011040924/tools/bin/../lib/gcc/arm-none-eabi/9.3.1/../../../../arm-none-eabi/lib/thumb/v7-m/nofp\libm.a(lib_a-s_lib_ver.o)
 .ARM.attributes
                0x0000000000000719       0x2d c:/st/stm32cubeide_1.5.1/stm32cubeide/plugins/com.st.stm32cube.ide.mcu.externaltools.gnu-tools-for-stm32.9-2020-q2-update.win32_1.5.0.202011040924/tools/bin/../lib/gcc/arm-none-eabi/9.3.1/../../../../arm-none-eabi/lib/thumb/v7-m/nofp\libm.a(lib_a-s_nan.o)
 .ARM.attributes
                0x0000000000000746       0x2d c:/st/stm32cubeide_1.5.1/stm32cubeide/plugins/com.st.stm32cube.ide.mcu.externaltools.gnu-tools-for-stm32.9-2020-q2-update.win32_1.5.0.202011040924/tools/bin/../lib/gcc/arm-none-eabi/9.3.1/../../../../arm-none-eabi/lib/thumb/v7-m/nofp\libm.a(lib_a-s_rint.o)
 .ARM.attributes
                0x0000000000000773       0x2d c:/st/stm32cubeide_1.5.1/stm32cubeide/plugins/com.st.stm32cube.ide.mcu.externaltools.gnu-tools-for-stm32.9-2020-q2-update.win32_1.5.0.202011040924/tools/bin/../lib/gcc/arm-none-eabi/9.3.1/../../../../arm-none-eabi/lib/thumb/v7-m/nofp\libm.a(lib_a-s_scalbn.o)
 .ARM.attributes
                0x00000000000007a0       0x1d c:/st/stm32cubeide_1.5.1/stm32cubeide/plugins/com.st.stm32cube.ide.mcu.externaltools.gnu-tools-for-stm32.9-2020-q2-update.win32_1.5.0.202011040924/tools/bin/../lib/gcc/arm-none-eabi/9.3.1/thumb/v7-m/nofp\libgcc.a(_arm_addsubdf3.o)
 .ARM.attributes
                0x00000000000007bd       0x1d c:/st/stm32cubeide_1.5.1/stm32cubeide/plugins/com.st.stm32cube.ide.mcu.externaltools.gnu-tools-for-stm32.9-2020-q2-update.win32_1.5.0.202011040924/tools/bin/../lib/gcc/arm-none-eabi/9.3.1/thumb/v7-m/nofp\libgcc.a(_arm_muldivdf3.o)
 .ARM.attributes
                0x00000000000007da       0x1d c:/st/stm32cubeide_1.5.1/stm32cubeide/plugins/com.st.stm32cube.ide.mcu.externaltools.gnu-tools-for-stm32.9-2020-q2-update.win32_1.5.0.202011040924/tools/bin/../lib/gcc/arm-none-eabi/9.3.1/thumb/v7-m/nofp\libgcc.a(_arm_cmpdf2.o)
 .ARM.attributes